

================================================================
== Vitis HLS Report for 'dw0'
================================================================
* Date:           Sat Jun 27 09:58:16 2026

* Version:        2025.2 (Build 6295257 on Nov 14 2025)
* Project:        FP32_HLS
* Solution:       hls (Vivado IP Flow Target)
* Product family: zynq
* Target device:  xc7z045-ffg900-2


================================================================
== Performance Estimates
================================================================
+ Timing: 
    * Summary: 
    +--------+----------+----------+------------+
    |  Clock |  Target  | Estimated| Uncertainty|
    +--------+----------+----------+------------+
    |ap_clk  |  10.00 ns|  7.124 ns|     2.70 ns|
    +--------+----------+----------+------------+

+ Latency: 
    * Summary: 
    +---------+---------+-----------+-----------+-----+-----+-------------------+
    |  Latency (cycles) |   Latency (absolute)  |  Interval |      Pipeline     |
    |   min   |   max   |    min    |    max    | min | max |        Type       |
    +---------+---------+-----------+-----------+-----+-----+-------------------+
    |     4158|     4158|  41.580 us|  41.580 us|    0|    0|  loop pipeline stp|
    +---------+---------+-----------+-----------+-----+-----+-------------------+

    + Detail: 
        * Instance: 
        N/A

        * Loop: 
        +-----------------------+---------+---------+----------+-----------+-----------+------+----------+
        |                       |  Latency (cycles) | Iteration|  Initiation Interval  | Trip |          |
        |       Loop Name       |   min   |   max   |  Latency |  achieved |   target  | Count| Pipelined|
        +-----------------------+---------+---------+----------+-----------+-----------+------+----------+
        |- DW0_C_DW0_OH_DW0_OW  |     4156|     4156|        62|          1|          1|  4096|       yes|
        +-----------------------+---------+---------+----------+-----------+-----------+------+----------+



================================================================
== Utilization Estimates
================================================================
* Summary: 
+-----------------+---------+-----+--------+--------+-----+
|       Name      | BRAM_18K| DSP |   FF   |   LUT  | URAM|
+-----------------+---------+-----+--------+--------+-----+
|DSP              |        -|    -|       -|       -|    -|
|Expression       |        -|    -|       0|     445|    -|
|FIFO             |        -|    -|       -|       -|    -|
|Instance         |        -|    0|      99|     786|    -|
|Memory           |        9|    -|       0|       0|    -|
|Multiplexer      |        -|    -|       0|    1704|    -|
|Register         |        -|    -|    2799|     704|    -|
+-----------------+---------+-----+--------+--------+-----+
|Total            |        9|    0|    2898|    3639|    0|
+-----------------+---------+-----+--------+--------+-----+
|Available        |     1090|  900|  437200|  218600|    0|
+-----------------+---------+-----+--------+--------+-----+
|Utilization (%)  |       ~0|    0|      ~0|       1|    0|
+-----------------+---------+-----+--------+--------+-----+

+ Detail: 
    * Instance: 
    +----------------------------+-----------------------+---------+----+----+----+-----+
    |          Instance          |         Module        | BRAM_18K| DSP| FF | LUT| URAM|
    +----------------------------+-----------------------+---------+----+----+----+-----+
    |mul_5ns_5ns_8_1_1_U440      |mul_5ns_5ns_8_1_1      |        0|   0|   0|  17|    0|
    |mul_5ns_7ns_11_1_1_U439     |mul_5ns_7ns_11_1_1     |        0|   0|   0|  30|    0|
    |mul_5ns_7ns_11_1_1_U441     |mul_5ns_7ns_11_1_1     |        0|   0|   0|  30|    0|
    |sparsemux_31_4_32_1_1_U429  |sparsemux_31_4_32_1_1  |        0|   0|   0|  61|    0|
    |sparsemux_31_4_32_1_1_U430  |sparsemux_31_4_32_1_1  |        0|   0|   0|  61|    0|
    |sparsemux_31_4_32_1_1_U431  |sparsemux_31_4_32_1_1  |        0|   0|   0|  61|    0|
    |sparsemux_33_4_32_1_1_U432  |sparsemux_33_4_32_1_1  |        0|   0|   0|  65|    0|
    |sparsemux_33_4_32_1_1_U433  |sparsemux_33_4_32_1_1  |        0|   0|   0|  65|    0|
    |sparsemux_33_4_32_1_1_U434  |sparsemux_33_4_32_1_1  |        0|   0|   0|  65|    0|
    |sparsemux_33_4_32_1_1_U435  |sparsemux_33_4_32_1_1  |        0|   0|   0|  65|    0|
    |sparsemux_33_4_32_1_1_U436  |sparsemux_33_4_32_1_1  |        0|   0|   0|  65|    0|
    |sparsemux_33_4_32_1_1_U437  |sparsemux_33_4_32_1_1  |        0|   0|   0|  65|    0|
    |sparsemux_7_2_32_1_1_U442   |sparsemux_7_2_32_1_1   |        0|   0|   0|   9|    0|
    |sparsemux_7_2_32_1_1_U443   |sparsemux_7_2_32_1_1   |        0|   0|   0|   9|    0|
    |sparsemux_7_2_32_1_1_U444   |sparsemux_7_2_32_1_1   |        0|   0|   0|   9|    0|
    |sparsemux_7_2_32_1_1_U445   |sparsemux_7_2_32_1_1   |        0|   0|   0|   9|    0|
    |sparsemux_7_2_32_1_1_U446   |sparsemux_7_2_32_1_1   |        0|   0|   0|   9|    0|
    |sparsemux_7_2_32_1_1_U447   |sparsemux_7_2_32_1_1   |        0|   0|   0|   9|    0|
    |sparsemux_7_2_32_1_1_U448   |sparsemux_7_2_32_1_1   |        0|   0|   0|   9|    0|
    |sparsemux_7_2_32_1_1_U449   |sparsemux_7_2_32_1_1   |        0|   0|   0|   9|    0|
    |sparsemux_7_2_32_1_1_U450   |sparsemux_7_2_32_1_1   |        0|   0|   0|   9|    0|
    |urem_5ns_3ns_2_9_1_U438     |urem_5ns_3ns_2_9_1     |        0|   0|  99|  55|    0|
    +----------------------------+-----------------------+---------+----+----+----+-----+
    |Total                       |                       |        0|   0|  99| 786|    0|
    +----------------------------+-----------------------+---------+----+----+----+-----+

    * DSP: 
    N/A

    * Memory: 
    +----------------------------------------+---------------------------------------------------------+---------+---+----+-----+------+-----+------+-------------+
    |                 Memory                 |                          Module                         | BRAM_18K| FF| LUT| URAM| Words| Bits| Banks| W*Bits*Banks|
    +----------------------------------------+---------------------------------------------------------+---------+---+----+-----+------+-----+------+-------------+
    |p_ZL26features_0_deepwise_weight_0_0_U  |dw0_p_ZL26features_0_deepwise_weight_0_0_ROM_2P_BRAM_1R  |        1|  0|   0|    0|    16|   32|     1|          512|
    |p_ZL26features_0_deepwise_weight_0_1_U  |dw0_p_ZL26features_0_deepwise_weight_0_1_ROM_2P_BRAM_1R  |        1|  0|   0|    0|    16|   32|     1|          512|
    |p_ZL26features_0_deepwise_weight_0_2_U  |dw0_p_ZL26features_0_deepwise_weight_0_2_ROM_2P_BRAM_1R  |        1|  0|   0|    0|    16|   32|     1|          512|
    |p_ZL26features_0_deepwise_weight_1_0_U  |dw0_p_ZL26features_0_deepwise_weight_1_0_ROM_2P_BRAM_1R  |        1|  0|   0|    0|    16|   32|     1|          512|
    |p_ZL26features_0_deepwise_weight_1_1_U  |dw0_p_ZL26features_0_deepwise_weight_1_1_ROM_2P_BRAM_1R  |        1|  0|   0|    0|    16|   32|     1|          512|
    |p_ZL26features_0_deepwise_weight_1_2_U  |dw0_p_ZL26features_0_deepwise_weight_1_2_ROM_2P_BRAM_1R  |        1|  0|   0|    0|    16|   32|     1|          512|
    |p_ZL26features_0_deepwise_weight_2_0_U  |dw0_p_ZL26features_0_deepwise_weight_2_0_ROM_2P_BRAM_1R  |        1|  0|   0|    0|    16|   32|     1|          512|
    |p_ZL26features_0_deepwise_weight_2_1_U  |dw0_p_ZL26features_0_deepwise_weight_2_1_ROM_2P_BRAM_1R  |        1|  0|   0|    0|    16|   32|     1|          512|
    |p_ZL26features_0_deepwise_weight_2_2_U  |dw0_p_ZL26features_0_deepwise_weight_2_2_ROM_2P_BRAM_1R  |        1|  0|   0|    0|    16|   32|     1|          512|
    +----------------------------------------+---------------------------------------------------------+---------+---+----+-----+------+-----+------+-------------+
    |Total                                   |                                                         |        9|  0|   0|    0|   144|  288|     9|         4608|
    +----------------------------------------+---------------------------------------------------------+---------+---+----+-----+------+-----+------+-------------+

    * FIFO: 
    N/A

    * Expression: 
    +--------------------------+----------+----+---+----+------------+------------+
    |       Variable Name      | Operation| DSP| FF| LUT| Bitwidth P0| Bitwidth P1|
    +--------------------------+----------+----+---+----+------------+------------+
    |add_ln10_2_fu_4015_p2     |         +|   0|  0|  13|          13|           1|
    |add_ln10_fu_4191_p2       |         +|   0|  0|   7|           5|           1|
    |add_ln11_1_fu_4115_p2     |         +|   0|  0|  10|          10|           1|
    |add_ln11_fu_4067_p2       |         +|   0|  0|   7|           5|           1|
    |add_ln12_fu_4109_p2       |         +|   0|  0|   7|           5|           1|
    |add_ln19_fu_4173_p2       |         +|   0|  0|   6|           6|           2|
    |add_ln21_fu_4307_p2       |         +|   0|  0|   6|           6|           2|
    |add_ln22_1_fu_4446_p2     |         +|   0|  0|   8|           8|           8|
    |add_ln22_2_fu_4553_p2     |         +|   0|  0|   8|           8|           8|
    |add_ln22_fu_4341_p2       |         +|   0|  0|   8|           8|           8|
    |add_ln26_1_fu_4292_p2     |         +|   0|  0|  12|          12|          12|
    |add_ln26_fu_4229_p2       |         +|   0|  0|   8|           8|           8|
    |and_ln10_fu_4061_p2       |       and|   0|  0|   1|           1|           1|
    |ap_condition_4741         |       and|   0|  0|   1|           1|           1|
    |ap_condition_4744         |       and|   0|  0|   1|           1|           1|
    |ap_condition_4753         |       and|   0|  0|   1|           1|           1|
    |ap_condition_4762         |       and|   0|  0|   1|           1|           1|
    |ap_condition_4771         |       and|   0|  0|   1|           1|           1|
    |ap_condition_4780         |       and|   0|  0|   1|           1|           1|
    |ap_condition_4795         |       and|   0|  0|   1|           1|           1|
    |ap_condition_4804         |       and|   0|  0|   1|           1|           1|
    |ap_condition_4813         |       and|   0|  0|   1|           1|           1|
    |ap_condition_4822         |       and|   0|  0|   1|           1|           1|
    |ap_condition_4831         |       and|   0|  0|   1|           1|           1|
    |ap_condition_4840         |       and|   0|  0|   1|           1|           1|
    |ap_condition_4843         |       and|   0|  0|   1|           1|           1|
    |ap_condition_4852         |       and|   0|  0|   1|           1|           1|
    |ap_condition_4861         |       and|   0|  0|   1|           1|           1|
    |ap_condition_4870         |       and|   0|  0|   1|           1|           1|
    |icmp_ln10_fu_4009_p2      |      icmp|   0|  0|  14|          13|          14|
    |icmp_ln11_fu_4035_p2      |      icmp|   0|  0|  10|          10|           9|
    |icmp_ln12_fu_4055_p2      |      icmp|   0|  0|   6|           5|           6|
    |icmp_ln21_fu_4257_p2      |      icmp|   0|  0|   7|           5|           1|
    |ap_condition_2558         |        or|   0|  0|   1|           1|           1|
    |ap_condition_2567         |        or|   0|  0|   1|           1|           1|
    |ap_condition_2572         |        or|   0|  0|   1|           1|           1|
    |ap_condition_2578         |        or|   0|  0|   1|           1|           1|
    |ap_condition_2587         |        or|   0|  0|   1|           1|           1|
    |ap_condition_2592         |        or|   0|  0|   1|           1|           1|
    |ap_condition_2598         |        or|   0|  0|   1|           1|           1|
    |ap_condition_2607         |        or|   0|  0|   1|           1|           1|
    |ap_condition_2612         |        or|   0|  0|   1|           1|           1|
    |ap_condition_2618         |        or|   0|  0|   1|           1|           1|
    |ap_condition_2627         |        or|   0|  0|   1|           1|           1|
    |ap_condition_2632         |        or|   0|  0|   1|           1|           1|
    |ap_condition_2638         |        or|   0|  0|   1|           1|           1|
    |ap_condition_2647         |        or|   0|  0|   1|           1|           1|
    |ap_condition_2652         |        or|   0|  0|   1|           1|           1|
    |ap_condition_2658         |        or|   0|  0|   1|           1|           1|
    |ap_condition_2667         |        or|   0|  0|   1|           1|           1|
    |ap_condition_2672         |        or|   0|  0|   1|           1|           1|
    |ap_condition_2678         |        or|   0|  0|   1|           1|           1|
    |ap_condition_2687         |        or|   0|  0|   1|           1|           1|
    |ap_condition_2692         |        or|   0|  0|   1|           1|           1|
    |ap_condition_2698         |        or|   0|  0|   1|           1|           1|
    |ap_condition_2707         |        or|   0|  0|   1|           1|           1|
    |ap_condition_2712         |        or|   0|  0|   1|           1|           1|
    |ap_condition_2718         |        or|   0|  0|   1|           1|           1|
    |ap_condition_2727         |        or|   0|  0|   1|           1|           1|
    |ap_condition_2732         |        or|   0|  0|   1|           1|           1|
    |ap_condition_2738         |        or|   0|  0|   1|           1|           1|
    |ap_condition_2747         |        or|   0|  0|   1|           1|           1|
    |ap_condition_2752         |        or|   0|  0|   1|           1|           1|
    |ap_condition_2758         |        or|   0|  0|   1|           1|           1|
    |ap_condition_2767         |        or|   0|  0|   1|           1|           1|
    |ap_condition_2772         |        or|   0|  0|   1|           1|           1|
    |ap_condition_2778         |        or|   0|  0|   1|           1|           1|
    |ap_condition_2787         |        or|   0|  0|   1|           1|           1|
    |ap_condition_2792         |        or|   0|  0|   1|           1|           1|
    |ap_condition_2798         |        or|   0|  0|   1|           1|           1|
    |ap_condition_2807         |        or|   0|  0|   1|           1|           1|
    |ap_condition_2812         |        or|   0|  0|   1|           1|           1|
    |ap_condition_2818         |        or|   0|  0|   1|           1|           1|
    |ap_condition_2827         |        or|   0|  0|   1|           1|           1|
    |ap_condition_2832         |        or|   0|  0|   1|           1|           1|
    |ap_condition_2838         |        or|   0|  0|   1|           1|           1|
    |ap_condition_2847         |        or|   0|  0|   1|           1|           1|
    |ap_condition_2852         |        or|   0|  0|   1|           1|           1|
    |ap_condition_2858         |        or|   0|  0|   1|           1|           1|
    |ap_condition_2867         |        or|   0|  0|   1|           1|           1|
    |ap_condition_2874         |        or|   0|  0|   1|           1|           1|
    |ap_condition_2882         |        or|   0|  0|   1|           1|           1|
    |ap_condition_2889         |        or|   0|  0|   1|           1|           1|
    |ap_condition_2897         |        or|   0|  0|   1|           1|           1|
    |ap_condition_2904         |        or|   0|  0|   1|           1|           1|
    |ap_condition_2912         |        or|   0|  0|   1|           1|           1|
    |ap_condition_2919         |        or|   0|  0|   1|           1|           1|
    |ap_condition_2927         |        or|   0|  0|   1|           1|           1|
    |ap_condition_2934         |        or|   0|  0|   1|           1|           1|
    |ap_condition_2942         |        or|   0|  0|   1|           1|           1|
    |ap_condition_2949         |        or|   0|  0|   1|           1|           1|
    |ap_condition_2957         |        or|   0|  0|   1|           1|           1|
    |ap_condition_2964         |        or|   0|  0|   1|           1|           1|
    |ap_condition_2972         |        or|   0|  0|   1|           1|           1|
    |ap_condition_2979         |        or|   0|  0|   1|           1|           1|
    |ap_condition_2987         |        or|   0|  0|   1|           1|           1|
    |ap_condition_2994         |        or|   0|  0|   1|           1|           1|
    |ap_condition_3002         |        or|   0|  0|   1|           1|           1|
    |ap_condition_3009         |        or|   0|  0|   1|           1|           1|
    |ap_condition_3017         |        or|   0|  0|   1|           1|           1|
    |ap_condition_3024         |        or|   0|  0|   1|           1|           1|
    |ap_condition_3032         |        or|   0|  0|   1|           1|           1|
    |ap_condition_3039         |        or|   0|  0|   1|           1|           1|
    |ap_condition_3047         |        or|   0|  0|   1|           1|           1|
    |ap_condition_3054         |        or|   0|  0|   1|           1|           1|
    |ap_condition_3062         |        or|   0|  0|   1|           1|           1|
    |ap_condition_3069         |        or|   0|  0|   1|           1|           1|
    |ap_condition_3077         |        or|   0|  0|   1|           1|           1|
    |ap_condition_3084         |        or|   0|  0|   1|           1|           1|
    |ap_condition_3095         |        or|   0|  0|   1|           1|           1|
    |ap_condition_3106         |        or|   0|  0|   1|           1|           1|
    |ap_condition_3117         |        or|   0|  0|   1|           1|           1|
    |ap_condition_3128         |        or|   0|  0|   1|           1|           1|
    |ap_condition_3139         |        or|   0|  0|   1|           1|           1|
    |ap_condition_3150         |        or|   0|  0|   1|           1|           1|
    |ap_condition_3161         |        or|   0|  0|   1|           1|           1|
    |ap_condition_3172         |        or|   0|  0|   1|           1|           1|
    |ap_condition_3183         |        or|   0|  0|   1|           1|           1|
    |ap_condition_3194         |        or|   0|  0|   1|           1|           1|
    |ap_condition_3205         |        or|   0|  0|   1|           1|           1|
    |ap_condition_3216         |        or|   0|  0|   1|           1|           1|
    |ap_condition_3227         |        or|   0|  0|   1|           1|           1|
    |ap_condition_3238         |        or|   0|  0|   1|           1|           1|
    |empty_fu_4073_p2          |        or|   0|  0|   1|           1|           1|
    |or_ln21_fu_4829_p2        |        or|   0|  0|   6|           6|           6|
    |acc_283_fu_4849_p3        |    select|   0|  0|  32|           1|          32|
    |acc_285_fu_4855_p3        |    select|   0|  0|  32|           1|          32|
    |acc_287_fu_4861_p3        |    select|   0|  0|  32|           1|          32|
    |acc_291_fu_4867_p3        |    select|   0|  0|  32|           1|          32|
    |acc_2_fu_4841_p3          |    select|   0|  0|  32|           1|           1|
    |ow_mid2_fu_4079_p3        |    select|   0|  0|   5|           1|           1|
    |select_ln10_2_fu_4197_p3  |    select|   0|  0|   5|           1|           5|
    |select_ln10_fu_4041_p3    |    select|   0|  0|   5|           1|           1|
    |select_ln11_1_fu_4121_p3  |    select|   0|  0|  10|           1|           1|
    |select_ln11_fu_4087_p3    |    select|   0|  0|   5|           1|           5|
    |ap_enable_pp0             |       xor|   0|  0|   2|           1|           2|
    |xor_ln10_fu_4049_p2       |       xor|   0|  0|   2|           1|           2|
    +--------------------------+----------+----+---+----+------------+------------+
    |Total                     |          |   0|  0| 445|         253|         343|
    +--------------------------+----------+----+---+----+------------+------------+

    * Multiplexer: 
    +----------------------------------------+----+-----------+-----+-----------+
    |                  Name                  | LUT| Input Size| Bits| Total Bits|
    +----------------------------------------+----+-----------+-----+-----------+
    |ap_done_int                             |   9|          2|    1|          2|
    |ap_enable_reg_pp0_iter1                 |   9|          2|    1|          2|
    |ap_sig_allocacmp_indvar_flatten12_load  |   9|          2|   13|         26|
    |c_fu_354                                |   9|          2|    5|         10|
    |ifmap_0_0_address0_local                |  17|          4|    8|         32|
    |ifmap_0_10_address0_local               |  17|          4|    8|         32|
    |ifmap_0_11_address0_local               |  17|          4|    8|         32|
    |ifmap_0_12_address0_local               |  17|          4|    8|         32|
    |ifmap_0_13_address0_local               |  17|          4|    8|         32|
    |ifmap_0_14_address0_local               |  17|          4|    8|         32|
    |ifmap_0_15_address0_local               |  17|          4|    8|         32|
    |ifmap_0_16_address0_local               |  17|          4|    8|         32|
    |ifmap_0_17_address0_local               |  17|          4|    8|         32|
    |ifmap_0_18_address0_local               |  17|          4|    8|         32|
    |ifmap_0_19_address0_local               |  17|          4|    8|         32|
    |ifmap_0_1_address0_local                |  17|          4|    8|         32|
    |ifmap_0_20_address0_local               |  17|          4|    8|         32|
    |ifmap_0_21_address0_local               |  17|          4|    8|         32|
    |ifmap_0_22_address0_local               |  17|          4|    8|         32|
    |ifmap_0_23_address0_local               |  17|          4|    8|         32|
    |ifmap_0_24_address0_local               |  17|          4|    8|         32|
    |ifmap_0_25_address0_local               |  17|          4|    8|         32|
    |ifmap_0_26_address0_local               |  17|          4|    8|         32|
    |ifmap_0_27_address0_local               |  17|          4|    8|         32|
    |ifmap_0_28_address0_local               |  17|          4|    8|         32|
    |ifmap_0_29_address0_local               |  17|          4|    8|         32|
    |ifmap_0_2_address0_local                |  17|          4|    8|         32|
    |ifmap_0_30_address0_local               |  17|          4|    8|         32|
    |ifmap_0_31_address0_local               |  17|          4|    8|         32|
    |ifmap_0_3_address0_local                |  17|          4|    8|         32|
    |ifmap_0_4_address0_local                |  17|          4|    8|         32|
    |ifmap_0_5_address0_local                |  17|          4|    8|         32|
    |ifmap_0_6_address0_local                |  17|          4|    8|         32|
    |ifmap_0_7_address0_local                |  17|          4|    8|         32|
    |ifmap_0_8_address0_local                |  17|          4|    8|         32|
    |ifmap_0_9_address0_local                |  17|          4|    8|         32|
    |ifmap_1_0_address0_local                |  17|          4|    8|         32|
    |ifmap_1_10_address0_local               |  17|          4|    8|         32|
    |ifmap_1_11_address0_local               |  17|          4|    8|         32|
    |ifmap_1_12_address0_local               |  17|          4|    8|         32|
    |ifmap_1_13_address0_local               |  17|          4|    8|         32|
    |ifmap_1_14_address0_local               |  17|          4|    8|         32|
    |ifmap_1_15_address0_local               |  17|          4|    8|         32|
    |ifmap_1_16_address0_local               |  17|          4|    8|         32|
    |ifmap_1_17_address0_local               |  17|          4|    8|         32|
    |ifmap_1_18_address0_local               |  17|          4|    8|         32|
    |ifmap_1_19_address0_local               |  17|          4|    8|         32|
    |ifmap_1_1_address0_local                |  17|          4|    8|         32|
    |ifmap_1_20_address0_local               |  17|          4|    8|         32|
    |ifmap_1_21_address0_local               |  17|          4|    8|         32|
    |ifmap_1_22_address0_local               |  17|          4|    8|         32|
    |ifmap_1_23_address0_local               |  17|          4|    8|         32|
    |ifmap_1_24_address0_local               |  17|          4|    8|         32|
    |ifmap_1_25_address0_local               |  17|          4|    8|         32|
    |ifmap_1_26_address0_local               |  17|          4|    8|         32|
    |ifmap_1_27_address0_local               |  17|          4|    8|         32|
    |ifmap_1_28_address0_local               |  17|          4|    8|         32|
    |ifmap_1_29_address0_local               |  17|          4|    8|         32|
    |ifmap_1_2_address0_local                |  17|          4|    8|         32|
    |ifmap_1_30_address0_local               |  17|          4|    8|         32|
    |ifmap_1_31_address0_local               |  17|          4|    8|         32|
    |ifmap_1_3_address0_local                |  17|          4|    8|         32|
    |ifmap_1_4_address0_local                |  17|          4|    8|         32|
    |ifmap_1_5_address0_local                |  17|          4|    8|         32|
    |ifmap_1_6_address0_local                |  17|          4|    8|         32|
    |ifmap_1_7_address0_local                |  17|          4|    8|         32|
    |ifmap_1_8_address0_local                |  17|          4|    8|         32|
    |ifmap_1_9_address0_local                |  17|          4|    8|         32|
    |ifmap_2_0_address0_local                |  17|          4|    8|         32|
    |ifmap_2_10_address0_local               |  17|          4|    8|         32|
    |ifmap_2_11_address0_local               |  17|          4|    8|         32|
    |ifmap_2_12_address0_local               |  17|          4|    8|         32|
    |ifmap_2_13_address0_local               |  17|          4|    8|         32|
    |ifmap_2_14_address0_local               |  17|          4|    8|         32|
    |ifmap_2_15_address0_local               |  17|          4|    8|         32|
    |ifmap_2_16_address0_local               |  17|          4|    8|         32|
    |ifmap_2_17_address0_local               |  17|          4|    8|         32|
    |ifmap_2_18_address0_local               |  17|          4|    8|         32|
    |ifmap_2_19_address0_local               |  17|          4|    8|         32|
    |ifmap_2_1_address0_local                |  17|          4|    8|         32|
    |ifmap_2_20_address0_local               |  17|          4|    8|         32|
    |ifmap_2_21_address0_local               |  17|          4|    8|         32|
    |ifmap_2_22_address0_local               |  17|          4|    8|         32|
    |ifmap_2_23_address0_local               |  17|          4|    8|         32|
    |ifmap_2_24_address0_local               |  17|          4|    8|         32|
    |ifmap_2_25_address0_local               |  17|          4|    8|         32|
    |ifmap_2_26_address0_local               |  17|          4|    8|         32|
    |ifmap_2_27_address0_local               |  17|          4|    8|         32|
    |ifmap_2_28_address0_local               |  17|          4|    8|         32|
    |ifmap_2_29_address0_local               |  17|          4|    8|         32|
    |ifmap_2_2_address0_local                |  17|          4|    8|         32|
    |ifmap_2_30_address0_local               |  17|          4|    8|         32|
    |ifmap_2_31_address0_local               |  17|          4|    8|         32|
    |ifmap_2_3_address0_local                |  17|          4|    8|         32|
    |ifmap_2_4_address0_local                |  17|          4|    8|         32|
    |ifmap_2_5_address0_local                |  17|          4|    8|         32|
    |ifmap_2_6_address0_local                |  17|          4|    8|         32|
    |ifmap_2_7_address0_local                |  17|          4|    8|         32|
    |ifmap_2_8_address0_local                |  17|          4|    8|         32|
    |ifmap_2_9_address0_local                |  17|          4|    8|         32|
    |indvar_flatten12_fu_358                 |   9|          2|   13|         26|
    |indvar_flatten_fu_350                   |   9|          2|   10|         20|
    |oh_fu_346                               |   9|          2|    5|         10|
    |ow_fu_342                               |   9|          2|    5|         10|
    +----------------------------------------+----+-----------+-----+-----------+
    |Total                                   |1704|        400|  821|       3178|
    +----------------------------------------+----+-----------+-----+-----------+

    * Register: 
    +----------------------------------------------------+----+----+-----+-----------+
    |                        Name                        | FF | LUT| Bits| Const Bits|
    +----------------------------------------------------+----+----+-----+-----------+
    |acc_282_reg_6652                                    |  32|   0|   32|          0|
    |acc_285_reg_6662                                    |  32|   0|   32|          0|
    |acc_287_reg_6668                                    |  32|   0|   32|          0|
    |acc_288_reg_6673                                    |  32|   0|   32|          0|
    |acc_289_reg_6678                                    |  32|   0|   32|          0|
    |acc_291_reg_6684                                    |  32|   0|   32|          0|
    |acc_292_reg_6689                                    |  32|   0|   32|          0|
    |acc_293_reg_6694                                    |  32|   0|   32|          0|
    |acc_2_reg_6645                                      |  32|   0|   32|          0|
    |add_ln19_reg_4958                                   |   6|   0|    6|          0|
    |add_ln21_reg_5014                                   |   6|   0|    6|          0|
    |add_ln26_1_reg_5009                                 |  12|   0|   12|          0|
    |ap_CS_fsm                                           |   1|   0|    1|          0|
    |ap_done_reg                                         |   1|   0|    1|          0|
    |ap_enable_reg_pp0_iter1                             |   1|   0|    1|          0|
    |ap_enable_reg_pp0_iter10                            |   1|   0|    1|          0|
    |ap_enable_reg_pp0_iter11                            |   1|   0|    1|          0|
    |ap_enable_reg_pp0_iter12                            |   1|   0|    1|          0|
    |ap_enable_reg_pp0_iter13                            |   1|   0|    1|          0|
    |ap_enable_reg_pp0_iter14                            |   1|   0|    1|          0|
    |ap_enable_reg_pp0_iter15                            |   1|   0|    1|          0|
    |ap_enable_reg_pp0_iter16                            |   1|   0|    1|          0|
    |ap_enable_reg_pp0_iter17                            |   1|   0|    1|          0|
    |ap_enable_reg_pp0_iter18                            |   1|   0|    1|          0|
    |ap_enable_reg_pp0_iter19                            |   1|   0|    1|          0|
    |ap_enable_reg_pp0_iter2                             |   1|   0|    1|          0|
    |ap_enable_reg_pp0_iter20                            |   1|   0|    1|          0|
    |ap_enable_reg_pp0_iter21                            |   1|   0|    1|          0|
    |ap_enable_reg_pp0_iter22                            |   1|   0|    1|          0|
    |ap_enable_reg_pp0_iter23                            |   1|   0|    1|          0|
    |ap_enable_reg_pp0_iter24                            |   1|   0|    1|          0|
    |ap_enable_reg_pp0_iter25                            |   1|   0|    1|          0|
    |ap_enable_reg_pp0_iter26                            |   1|   0|    1|          0|
    |ap_enable_reg_pp0_iter27                            |   1|   0|    1|          0|
    |ap_enable_reg_pp0_iter28                            |   1|   0|    1|          0|
    |ap_enable_reg_pp0_iter29                            |   1|   0|    1|          0|
    |ap_enable_reg_pp0_iter3                             |   1|   0|    1|          0|
    |ap_enable_reg_pp0_iter30                            |   1|   0|    1|          0|
    |ap_enable_reg_pp0_iter31                            |   1|   0|    1|          0|
    |ap_enable_reg_pp0_iter32                            |   1|   0|    1|          0|
    |ap_enable_reg_pp0_iter33                            |   1|   0|    1|          0|
    |ap_enable_reg_pp0_iter34                            |   1|   0|    1|          0|
    |ap_enable_reg_pp0_iter35                            |   1|   0|    1|          0|
    |ap_enable_reg_pp0_iter36                            |   1|   0|    1|          0|
    |ap_enable_reg_pp0_iter37                            |   1|   0|    1|          0|
    |ap_enable_reg_pp0_iter38                            |   1|   0|    1|          0|
    |ap_enable_reg_pp0_iter39                            |   1|   0|    1|          0|
    |ap_enable_reg_pp0_iter4                             |   1|   0|    1|          0|
    |ap_enable_reg_pp0_iter40                            |   1|   0|    1|          0|
    |ap_enable_reg_pp0_iter41                            |   1|   0|    1|          0|
    |ap_enable_reg_pp0_iter42                            |   1|   0|    1|          0|
    |ap_enable_reg_pp0_iter43                            |   1|   0|    1|          0|
    |ap_enable_reg_pp0_iter44                            |   1|   0|    1|          0|
    |ap_enable_reg_pp0_iter45                            |   1|   0|    1|          0|
    |ap_enable_reg_pp0_iter46                            |   1|   0|    1|          0|
    |ap_enable_reg_pp0_iter47                            |   1|   0|    1|          0|
    |ap_enable_reg_pp0_iter48                            |   1|   0|    1|          0|
    |ap_enable_reg_pp0_iter49                            |   1|   0|    1|          0|
    |ap_enable_reg_pp0_iter5                             |   1|   0|    1|          0|
    |ap_enable_reg_pp0_iter50                            |   1|   0|    1|          0|
    |ap_enable_reg_pp0_iter51                            |   1|   0|    1|          0|
    |ap_enable_reg_pp0_iter52                            |   1|   0|    1|          0|
    |ap_enable_reg_pp0_iter53                            |   1|   0|    1|          0|
    |ap_enable_reg_pp0_iter54                            |   1|   0|    1|          0|
    |ap_enable_reg_pp0_iter55                            |   1|   0|    1|          0|
    |ap_enable_reg_pp0_iter56                            |   1|   0|    1|          0|
    |ap_enable_reg_pp0_iter57                            |   1|   0|    1|          0|
    |ap_enable_reg_pp0_iter58                            |   1|   0|    1|          0|
    |ap_enable_reg_pp0_iter59                            |   1|   0|    1|          0|
    |ap_enable_reg_pp0_iter6                             |   1|   0|    1|          0|
    |ap_enable_reg_pp0_iter60                            |   1|   0|    1|          0|
    |ap_enable_reg_pp0_iter61                            |   1|   0|    1|          0|
    |ap_enable_reg_pp0_iter7                             |   1|   0|    1|          0|
    |ap_enable_reg_pp0_iter8                             |   1|   0|    1|          0|
    |ap_enable_reg_pp0_iter9                             |   1|   0|    1|          0|
    |ap_loop_exit_ready_pp0_iter10_reg                   |   1|   0|    1|          0|
    |ap_loop_exit_ready_pp0_iter11_reg                   |   1|   0|    1|          0|
    |ap_loop_exit_ready_pp0_iter12_reg                   |   1|   0|    1|          0|
    |ap_loop_exit_ready_pp0_iter13_reg                   |   1|   0|    1|          0|
    |ap_loop_exit_ready_pp0_iter14_reg                   |   1|   0|    1|          0|
    |ap_loop_exit_ready_pp0_iter15_reg                   |   1|   0|    1|          0|
    |ap_loop_exit_ready_pp0_iter16_reg                   |   1|   0|    1|          0|
    |ap_loop_exit_ready_pp0_iter17_reg                   |   1|   0|    1|          0|
    |ap_loop_exit_ready_pp0_iter18_reg                   |   1|   0|    1|          0|
    |ap_loop_exit_ready_pp0_iter19_reg                   |   1|   0|    1|          0|
    |ap_loop_exit_ready_pp0_iter1_reg                    |   1|   0|    1|          0|
    |ap_loop_exit_ready_pp0_iter20_reg                   |   1|   0|    1|          0|
    |ap_loop_exit_ready_pp0_iter21_reg                   |   1|   0|    1|          0|
    |ap_loop_exit_ready_pp0_iter22_reg                   |   1|   0|    1|          0|
    |ap_loop_exit_ready_pp0_iter23_reg                   |   1|   0|    1|          0|
    |ap_loop_exit_ready_pp0_iter24_reg                   |   1|   0|    1|          0|
    |ap_loop_exit_ready_pp0_iter25_reg                   |   1|   0|    1|          0|
    |ap_loop_exit_ready_pp0_iter26_reg                   |   1|   0|    1|          0|
    |ap_loop_exit_ready_pp0_iter27_reg                   |   1|   0|    1|          0|
    |ap_loop_exit_ready_pp0_iter28_reg                   |   1|   0|    1|          0|
    |ap_loop_exit_ready_pp0_iter29_reg                   |   1|   0|    1|          0|
    |ap_loop_exit_ready_pp0_iter2_reg                    |   1|   0|    1|          0|
    |ap_loop_exit_ready_pp0_iter30_reg                   |   1|   0|    1|          0|
    |ap_loop_exit_ready_pp0_iter31_reg                   |   1|   0|    1|          0|
    |ap_loop_exit_ready_pp0_iter32_reg                   |   1|   0|    1|          0|
    |ap_loop_exit_ready_pp0_iter33_reg                   |   1|   0|    1|          0|
    |ap_loop_exit_ready_pp0_iter34_reg                   |   1|   0|    1|          0|
    |ap_loop_exit_ready_pp0_iter35_reg                   |   1|   0|    1|          0|
    |ap_loop_exit_ready_pp0_iter36_reg                   |   1|   0|    1|          0|
    |ap_loop_exit_ready_pp0_iter37_reg                   |   1|   0|    1|          0|
    |ap_loop_exit_ready_pp0_iter38_reg                   |   1|   0|    1|          0|
    |ap_loop_exit_ready_pp0_iter39_reg                   |   1|   0|    1|          0|
    |ap_loop_exit_ready_pp0_iter3_reg                    |   1|   0|    1|          0|
    |ap_loop_exit_ready_pp0_iter40_reg                   |   1|   0|    1|          0|
    |ap_loop_exit_ready_pp0_iter41_reg                   |   1|   0|    1|          0|
    |ap_loop_exit_ready_pp0_iter42_reg                   |   1|   0|    1|          0|
    |ap_loop_exit_ready_pp0_iter43_reg                   |   1|   0|    1|          0|
    |ap_loop_exit_ready_pp0_iter44_reg                   |   1|   0|    1|          0|
    |ap_loop_exit_ready_pp0_iter45_reg                   |   1|   0|    1|          0|
    |ap_loop_exit_ready_pp0_iter46_reg                   |   1|   0|    1|          0|
    |ap_loop_exit_ready_pp0_iter47_reg                   |   1|   0|    1|          0|
    |ap_loop_exit_ready_pp0_iter48_reg                   |   1|   0|    1|          0|
    |ap_loop_exit_ready_pp0_iter49_reg                   |   1|   0|    1|          0|
    |ap_loop_exit_ready_pp0_iter4_reg                    |   1|   0|    1|          0|
    |ap_loop_exit_ready_pp0_iter50_reg                   |   1|   0|    1|          0|
    |ap_loop_exit_ready_pp0_iter51_reg                   |   1|   0|    1|          0|
    |ap_loop_exit_ready_pp0_iter52_reg                   |   1|   0|    1|          0|
    |ap_loop_exit_ready_pp0_iter53_reg                   |   1|   0|    1|          0|
    |ap_loop_exit_ready_pp0_iter54_reg                   |   1|   0|    1|          0|
    |ap_loop_exit_ready_pp0_iter55_reg                   |   1|   0|    1|          0|
    |ap_loop_exit_ready_pp0_iter56_reg                   |   1|   0|    1|          0|
    |ap_loop_exit_ready_pp0_iter57_reg                   |   1|   0|    1|          0|
    |ap_loop_exit_ready_pp0_iter58_reg                   |   1|   0|    1|          0|
    |ap_loop_exit_ready_pp0_iter59_reg                   |   1|   0|    1|          0|
    |ap_loop_exit_ready_pp0_iter5_reg                    |   1|   0|    1|          0|
    |ap_loop_exit_ready_pp0_iter60_reg                   |   1|   0|    1|          0|
    |ap_loop_exit_ready_pp0_iter6_reg                    |   1|   0|    1|          0|
    |ap_loop_exit_ready_pp0_iter7_reg                    |   1|   0|    1|          0|
    |ap_loop_exit_ready_pp0_iter8_reg                    |   1|   0|    1|          0|
    |ap_loop_exit_ready_pp0_iter9_reg                    |   1|   0|    1|          0|
    |c_fu_354                                            |   5|   0|    5|          0|
    |icmp_ln11_reg_4916                                  |   1|   0|    1|          0|
    |icmp_ln21_reg_4998                                  |   1|   0|    1|          0|
    |indvar_flatten12_fu_358                             |  13|   0|   13|          0|
    |indvar_flatten_fu_350                               |  10|   0|   10|          0|
    |mul36_1_1_reg_6620                                  |  32|   0|   32|          0|
    |mul36_1_2_reg_6625                                  |  32|   0|   32|          0|
    |mul36_1_reg_6615                                    |  32|   0|   32|          0|
    |mul36_2_1_reg_6635                                  |  32|   0|   32|          0|
    |mul36_2_2_reg_6640                                  |  32|   0|   32|          0|
    |mul36_2_reg_6630                                    |  32|   0|   32|          0|
    |mul36_6_reg_6610                                    |  32|   0|   32|          0|
    |mul36_s_reg_6605                                    |  32|   0|   32|          0|
    |mul_ln26_reg_4973                                   |   8|   0|    8|          0|
    |mul_reg_6600                                        |  32|   0|   32|          0|
    |oh_fu_346                                           |   5|   0|    5|          0|
    |ow_fu_342                                           |   5|   0|    5|          0|
    |ow_mid2_reg_4921                                    |   5|   0|    5|          0|
    |p_ZL26features_0_deepwise_weight_0_0_load_reg_6525  |  32|   0|   32|          0|
    |p_ZL26features_0_deepwise_weight_0_1_load_reg_6530  |  32|   0|   32|          0|
    |p_ZL26features_0_deepwise_weight_0_2_load_reg_6535  |  32|   0|   32|          0|
    |p_ZL26features_0_deepwise_weight_1_0_load_reg_6540  |  32|   0|   32|          0|
    |p_ZL26features_0_deepwise_weight_1_1_load_reg_6510  |  32|   0|   32|          0|
    |p_ZL26features_0_deepwise_weight_1_2_load_reg_6515  |  32|   0|   32|          0|
    |p_ZL26features_0_deepwise_weight_2_0_load_reg_6545  |  32|   0|   32|          0|
    |p_ZL26features_0_deepwise_weight_2_1_load_reg_6520  |  32|   0|   32|          0|
    |p_ZL26features_0_deepwise_weight_2_2_load_reg_6550  |  32|   0|   32|          0|
    |select_ln10_2_reg_4968                              |   5|   0|    5|          0|
    |select_ln11_reg_4927                                |   5|   0|    5|          0|
    |tmp_174_reg_6555                                    |  32|   0|   32|          0|
    |tmp_178_reg_6560                                    |  32|   0|   32|          0|
    |tmp_182_reg_6565                                    |  32|   0|   32|          0|
    |tmp_186_reg_6570                                    |  32|   0|   32|          0|
    |tmp_190_reg_6575                                    |  32|   0|   32|          0|
    |tmp_194_reg_6580                                    |  32|   0|   32|          0|
    |tmp_198_reg_6585                                    |  32|   0|   32|          0|
    |tmp_202_reg_6590                                    |  32|   0|   32|          0|
    |tmp_206_reg_6595                                    |  32|   0|   32|          0|
    |tmp_81_reg_4953                                     |   4|   0|    4|          0|
    |tmp_82_reg_5004                                     |   4|   0|    4|          0|
    |tmp_84_reg_5019                                     |   1|   0|    1|          0|
    |trunc_ln12_reg_4940                                 |   4|   0|    4|          0|
    |trunc_ln19_1_reg_4980                               |   2|   0|    2|          0|
    |trunc_ln19_1_reg_4980_pp0_iter10_reg                |   2|   0|    2|          0|
    |trunc_ln19_reg_4935                                 |   4|   0|    4|          0|
    |udiv_ln5_cast_reg_4993                              |   8|   0|    8|          0|
    |acc_285_reg_6662                                    |  64|  32|   32|          0|
    |acc_289_reg_6678                                    |  64|  32|   32|          0|
    |acc_2_reg_6645                                      |  64|  32|   32|          0|
    |add_ln19_reg_4958                                   |  64|  32|    6|          0|
    |add_ln21_reg_5014                                   |  64|  32|    6|          0|
    |add_ln26_1_reg_5009                                 |  64|  32|   12|          0|
    |icmp_ln11_reg_4916                                  |  64|  32|    1|          0|
    |icmp_ln21_reg_4998                                  |  64|  32|    1|          0|
    |mul36_1_1_reg_6620                                  |  64|  32|   32|          0|
    |mul36_1_2_reg_6625                                  |  64|  32|   32|          0|
    |mul36_1_reg_6615                                    |  64|  32|   32|          0|
    |mul36_2_1_reg_6635                                  |  64|  32|   32|          0|
    |mul36_2_2_reg_6640                                  |  64|  32|   32|          0|
    |mul36_2_reg_6630                                    |  64|  32|   32|          0|
    |mul36_6_reg_6610                                    |  64|  32|   32|          0|
    |mul36_s_reg_6605                                    |  64|  32|   32|          0|
    |ow_mid2_reg_4921                                    |  64|  32|    5|          0|
    |select_ln11_reg_4927                                |  64|  32|    5|          0|
    |tmp_81_reg_4953                                     |  64|  32|    4|          0|
    |tmp_84_reg_5019                                     |  64|  32|    1|          0|
    |trunc_ln12_reg_4940                                 |  64|  32|    4|          0|
    |trunc_ln19_reg_4935                                 |  64|  32|    4|          0|
    +----------------------------------------------------+----+----+-----+-----------+
    |Total                                               |2799| 704| 1792|          0|
    +----------------------------------------------------+----+----+-----+-----------+



================================================================
== Interface
================================================================
* Summary: 
+----------------------+-----+-----+------------+--------------+--------------+
|       RTL Ports      | Dir | Bits|  Protocol  | Source Object|    C Type    |
+----------------------+-----+-----+------------+--------------+--------------+
|ap_clk                |   in|    1|  ap_ctrl_hs|           dw0|  return value|
|ap_rst                |   in|    1|  ap_ctrl_hs|           dw0|  return value|
|ap_start              |   in|    1|  ap_ctrl_hs|           dw0|  return value|
|ap_done               |  out|    1|  ap_ctrl_hs|           dw0|  return value|
|ap_idle               |  out|    1|  ap_ctrl_hs|           dw0|  return value|
|ap_ready              |  out|    1|  ap_ctrl_hs|           dw0|  return value|
|grp_fu_2467_p_din0    |  out|   32|  ap_ctrl_hs|           dw0|  return value|
|grp_fu_2467_p_din1    |  out|   32|  ap_ctrl_hs|           dw0|  return value|
|grp_fu_2467_p_opcode  |  out|    2|  ap_ctrl_hs|           dw0|  return value|
|grp_fu_2467_p_dout0   |   in|   32|  ap_ctrl_hs|           dw0|  return value|
|grp_fu_2467_p_ce      |  out|    1|  ap_ctrl_hs|           dw0|  return value|
|grp_fu_2471_p_din0    |  out|   32|  ap_ctrl_hs|           dw0|  return value|
|grp_fu_2471_p_din1    |  out|   32|  ap_ctrl_hs|           dw0|  return value|
|grp_fu_2471_p_opcode  |  out|    2|  ap_ctrl_hs|           dw0|  return value|
|grp_fu_2471_p_dout0   |   in|   32|  ap_ctrl_hs|           dw0|  return value|
|grp_fu_2471_p_ce      |  out|    1|  ap_ctrl_hs|           dw0|  return value|
|grp_fu_2475_p_din0    |  out|   32|  ap_ctrl_hs|           dw0|  return value|
|grp_fu_2475_p_din1    |  out|   32|  ap_ctrl_hs|           dw0|  return value|
|grp_fu_2475_p_opcode  |  out|    2|  ap_ctrl_hs|           dw0|  return value|
|grp_fu_2475_p_dout0   |   in|   32|  ap_ctrl_hs|           dw0|  return value|
|grp_fu_2475_p_ce      |  out|    1|  ap_ctrl_hs|           dw0|  return value|
|grp_fu_2479_p_din0    |  out|   32|  ap_ctrl_hs|           dw0|  return value|
|grp_fu_2479_p_din1    |  out|   32|  ap_ctrl_hs|           dw0|  return value|
|grp_fu_2479_p_opcode  |  out|    2|  ap_ctrl_hs|           dw0|  return value|
|grp_fu_2479_p_dout0   |   in|   32|  ap_ctrl_hs|           dw0|  return value|
|grp_fu_2479_p_ce      |  out|    1|  ap_ctrl_hs|           dw0|  return value|
|grp_fu_2483_p_din0    |  out|   32|  ap_ctrl_hs|           dw0|  return value|
|grp_fu_2483_p_din1    |  out|   32|  ap_ctrl_hs|           dw0|  return value|
|grp_fu_2483_p_opcode  |  out|    2|  ap_ctrl_hs|           dw0|  return value|
|grp_fu_2483_p_dout0   |   in|   32|  ap_ctrl_hs|           dw0|  return value|
|grp_fu_2483_p_ce      |  out|    1|  ap_ctrl_hs|           dw0|  return value|
|grp_fu_2487_p_din0    |  out|   32|  ap_ctrl_hs|           dw0|  return value|
|grp_fu_2487_p_din1    |  out|   32|  ap_ctrl_hs|           dw0|  return value|
|grp_fu_2487_p_opcode  |  out|    2|  ap_ctrl_hs|           dw0|  return value|
|grp_fu_2487_p_dout0   |   in|   32|  ap_ctrl_hs|           dw0|  return value|
|grp_fu_2487_p_ce      |  out|    1|  ap_ctrl_hs|           dw0|  return value|
|grp_fu_2491_p_din0    |  out|   32|  ap_ctrl_hs|           dw0|  return value|
|grp_fu_2491_p_din1    |  out|   32|  ap_ctrl_hs|           dw0|  return value|
|grp_fu_2491_p_opcode  |  out|    2|  ap_ctrl_hs|           dw0|  return value|
|grp_fu_2491_p_dout0   |   in|   32|  ap_ctrl_hs|           dw0|  return value|
|grp_fu_2491_p_ce      |  out|    1|  ap_ctrl_hs|           dw0|  return value|
|grp_fu_2495_p_din0    |  out|   32|  ap_ctrl_hs|           dw0|  return value|
|grp_fu_2495_p_din1    |  out|   32|  ap_ctrl_hs|           dw0|  return value|
|grp_fu_2495_p_opcode  |  out|    2|  ap_ctrl_hs|           dw0|  return value|
|grp_fu_2495_p_dout0   |   in|   32|  ap_ctrl_hs|           dw0|  return value|
|grp_fu_2495_p_ce      |  out|    1|  ap_ctrl_hs|           dw0|  return value|
|grp_fu_2499_p_din0    |  out|   32|  ap_ctrl_hs|           dw0|  return value|
|grp_fu_2499_p_din1    |  out|   32|  ap_ctrl_hs|           dw0|  return value|
|grp_fu_2499_p_opcode  |  out|    2|  ap_ctrl_hs|           dw0|  return value|
|grp_fu_2499_p_dout0   |   in|   32|  ap_ctrl_hs|           dw0|  return value|
|grp_fu_2499_p_ce      |  out|    1|  ap_ctrl_hs|           dw0|  return value|
|grp_fu_2523_p_din0    |  out|   32|  ap_ctrl_hs|           dw0|  return value|
|grp_fu_2523_p_din1    |  out|   32|  ap_ctrl_hs|           dw0|  return value|
|grp_fu_2523_p_dout0   |   in|   32|  ap_ctrl_hs|           dw0|  return value|
|grp_fu_2523_p_ce      |  out|    1|  ap_ctrl_hs|           dw0|  return value|
|grp_fu_2527_p_din0    |  out|   32|  ap_ctrl_hs|           dw0|  return value|
|grp_fu_2527_p_din1    |  out|   32|  ap_ctrl_hs|           dw0|  return value|
|grp_fu_2527_p_dout0   |   in|   32|  ap_ctrl_hs|           dw0|  return value|
|grp_fu_2527_p_ce      |  out|    1|  ap_ctrl_hs|           dw0|  return value|
|grp_fu_2531_p_din0    |  out|   32|  ap_ctrl_hs|           dw0|  return value|
|grp_fu_2531_p_din1    |  out|   32|  ap_ctrl_hs|           dw0|  return value|
|grp_fu_2531_p_dout0   |   in|   32|  ap_ctrl_hs|           dw0|  return value|
|grp_fu_2531_p_ce      |  out|    1|  ap_ctrl_hs|           dw0|  return value|
|grp_fu_2535_p_din0    |  out|   32|  ap_ctrl_hs|           dw0|  return value|
|grp_fu_2535_p_din1    |  out|   32|  ap_ctrl_hs|           dw0|  return value|
|grp_fu_2535_p_dout0   |   in|   32|  ap_ctrl_hs|           dw0|  return value|
|grp_fu_2535_p_ce      |  out|    1|  ap_ctrl_hs|           dw0|  return value|
|grp_fu_2539_p_din0    |  out|   32|  ap_ctrl_hs|           dw0|  return value|
|grp_fu_2539_p_din1    |  out|   32|  ap_ctrl_hs|           dw0|  return value|
|grp_fu_2539_p_dout0   |   in|   32|  ap_ctrl_hs|           dw0|  return value|
|grp_fu_2539_p_ce      |  out|    1|  ap_ctrl_hs|           dw0|  return value|
|grp_fu_2543_p_din0    |  out|   32|  ap_ctrl_hs|           dw0|  return value|
|grp_fu_2543_p_din1    |  out|   32|  ap_ctrl_hs|           dw0|  return value|
|grp_fu_2543_p_dout0   |   in|   32|  ap_ctrl_hs|           dw0|  return value|
|grp_fu_2543_p_ce      |  out|    1|  ap_ctrl_hs|           dw0|  return value|
|grp_fu_2547_p_din0    |  out|   32|  ap_ctrl_hs|           dw0|  return value|
|grp_fu_2547_p_din1    |  out|   32|  ap_ctrl_hs|           dw0|  return value|
|grp_fu_2547_p_dout0   |   in|   32|  ap_ctrl_hs|           dw0|  return value|
|grp_fu_2547_p_ce      |  out|    1|  ap_ctrl_hs|           dw0|  return value|
|grp_fu_2551_p_din0    |  out|   32|  ap_ctrl_hs|           dw0|  return value|
|grp_fu_2551_p_din1    |  out|   32|  ap_ctrl_hs|           dw0|  return value|
|grp_fu_2551_p_dout0   |   in|   32|  ap_ctrl_hs|           dw0|  return value|
|grp_fu_2551_p_ce      |  out|    1|  ap_ctrl_hs|           dw0|  return value|
|grp_fu_2555_p_din0    |  out|   32|  ap_ctrl_hs|           dw0|  return value|
|grp_fu_2555_p_din1    |  out|   32|  ap_ctrl_hs|           dw0|  return value|
|grp_fu_2555_p_dout0   |   in|   32|  ap_ctrl_hs|           dw0|  return value|
|grp_fu_2555_p_ce      |  out|    1|  ap_ctrl_hs|           dw0|  return value|
|grp_fu_2579_p_din0    |  out|   64|  ap_ctrl_hs|           dw0|  return value|
|grp_fu_2579_p_din1    |  out|   66|  ap_ctrl_hs|           dw0|  return value|
|grp_fu_2579_p_dout0   |   in|  129|  ap_ctrl_hs|           dw0|  return value|
|grp_fu_2579_p_ce      |  out|    1|  ap_ctrl_hs|           dw0|  return value|
|ifmap_0_0_address0    |  out|    8|   ap_memory|     ifmap_0_0|         array|
|ifmap_0_0_ce0         |  out|    1|   ap_memory|     ifmap_0_0|         array|
|ifmap_0_0_q0          |   in|   32|   ap_memory|     ifmap_0_0|         array|
|ifmap_0_1_address0    |  out|    8|   ap_memory|     ifmap_0_1|         array|
|ifmap_0_1_ce0         |  out|    1|   ap_memory|     ifmap_0_1|         array|
|ifmap_0_1_q0          |   in|   32|   ap_memory|     ifmap_0_1|         array|
|ifmap_0_2_address0    |  out|    8|   ap_memory|     ifmap_0_2|         array|
|ifmap_0_2_ce0         |  out|    1|   ap_memory|     ifmap_0_2|         array|
|ifmap_0_2_q0          |   in|   32|   ap_memory|     ifmap_0_2|         array|
|ifmap_0_3_address0    |  out|    8|   ap_memory|     ifmap_0_3|         array|
|ifmap_0_3_ce0         |  out|    1|   ap_memory|     ifmap_0_3|         array|
|ifmap_0_3_q0          |   in|   32|   ap_memory|     ifmap_0_3|         array|
|ifmap_0_4_address0    |  out|    8|   ap_memory|     ifmap_0_4|         array|
|ifmap_0_4_ce0         |  out|    1|   ap_memory|     ifmap_0_4|         array|
|ifmap_0_4_q0          |   in|   32|   ap_memory|     ifmap_0_4|         array|
|ifmap_0_5_address0    |  out|    8|   ap_memory|     ifmap_0_5|         array|
|ifmap_0_5_ce0         |  out|    1|   ap_memory|     ifmap_0_5|         array|
|ifmap_0_5_q0          |   in|   32|   ap_memory|     ifmap_0_5|         array|
|ifmap_0_6_address0    |  out|    8|   ap_memory|     ifmap_0_6|         array|
|ifmap_0_6_ce0         |  out|    1|   ap_memory|     ifmap_0_6|         array|
|ifmap_0_6_q0          |   in|   32|   ap_memory|     ifmap_0_6|         array|
|ifmap_0_7_address0    |  out|    8|   ap_memory|     ifmap_0_7|         array|
|ifmap_0_7_ce0         |  out|    1|   ap_memory|     ifmap_0_7|         array|
|ifmap_0_7_q0          |   in|   32|   ap_memory|     ifmap_0_7|         array|
|ifmap_0_8_address0    |  out|    8|   ap_memory|     ifmap_0_8|         array|
|ifmap_0_8_ce0         |  out|    1|   ap_memory|     ifmap_0_8|         array|
|ifmap_0_8_q0          |   in|   32|   ap_memory|     ifmap_0_8|         array|
|ifmap_0_9_address0    |  out|    8|   ap_memory|     ifmap_0_9|         array|
|ifmap_0_9_ce0         |  out|    1|   ap_memory|     ifmap_0_9|         array|
|ifmap_0_9_q0          |   in|   32|   ap_memory|     ifmap_0_9|         array|
|ifmap_0_10_address0   |  out|    8|   ap_memory|    ifmap_0_10|         array|
|ifmap_0_10_ce0        |  out|    1|   ap_memory|    ifmap_0_10|         array|
|ifmap_0_10_q0         |   in|   32|   ap_memory|    ifmap_0_10|         array|
|ifmap_0_11_address0   |  out|    8|   ap_memory|    ifmap_0_11|         array|
|ifmap_0_11_ce0        |  out|    1|   ap_memory|    ifmap_0_11|         array|
|ifmap_0_11_q0         |   in|   32|   ap_memory|    ifmap_0_11|         array|
|ifmap_0_12_address0   |  out|    8|   ap_memory|    ifmap_0_12|         array|
|ifmap_0_12_ce0        |  out|    1|   ap_memory|    ifmap_0_12|         array|
|ifmap_0_12_q0         |   in|   32|   ap_memory|    ifmap_0_12|         array|
|ifmap_0_13_address0   |  out|    8|   ap_memory|    ifmap_0_13|         array|
|ifmap_0_13_ce0        |  out|    1|   ap_memory|    ifmap_0_13|         array|
|ifmap_0_13_q0         |   in|   32|   ap_memory|    ifmap_0_13|         array|
|ifmap_0_14_address0   |  out|    8|   ap_memory|    ifmap_0_14|         array|
|ifmap_0_14_ce0        |  out|    1|   ap_memory|    ifmap_0_14|         array|
|ifmap_0_14_q0         |   in|   32|   ap_memory|    ifmap_0_14|         array|
|ifmap_0_15_address0   |  out|    8|   ap_memory|    ifmap_0_15|         array|
|ifmap_0_15_ce0        |  out|    1|   ap_memory|    ifmap_0_15|         array|
|ifmap_0_15_q0         |   in|   32|   ap_memory|    ifmap_0_15|         array|
|ifmap_0_16_address0   |  out|    8|   ap_memory|    ifmap_0_16|         array|
|ifmap_0_16_ce0        |  out|    1|   ap_memory|    ifmap_0_16|         array|
|ifmap_0_16_q0         |   in|   32|   ap_memory|    ifmap_0_16|         array|
|ifmap_0_17_address0   |  out|    8|   ap_memory|    ifmap_0_17|         array|
|ifmap_0_17_ce0        |  out|    1|   ap_memory|    ifmap_0_17|         array|
|ifmap_0_17_q0         |   in|   32|   ap_memory|    ifmap_0_17|         array|
|ifmap_0_18_address0   |  out|    8|   ap_memory|    ifmap_0_18|         array|
|ifmap_0_18_ce0        |  out|    1|   ap_memory|    ifmap_0_18|         array|
|ifmap_0_18_q0         |   in|   32|   ap_memory|    ifmap_0_18|         array|
|ifmap_0_19_address0   |  out|    8|   ap_memory|    ifmap_0_19|         array|
|ifmap_0_19_ce0        |  out|    1|   ap_memory|    ifmap_0_19|         array|
|ifmap_0_19_q0         |   in|   32|   ap_memory|    ifmap_0_19|         array|
|ifmap_0_20_address0   |  out|    8|   ap_memory|    ifmap_0_20|         array|
|ifmap_0_20_ce0        |  out|    1|   ap_memory|    ifmap_0_20|         array|
|ifmap_0_20_q0         |   in|   32|   ap_memory|    ifmap_0_20|         array|
|ifmap_0_21_address0   |  out|    8|   ap_memory|    ifmap_0_21|         array|
|ifmap_0_21_ce0        |  out|    1|   ap_memory|    ifmap_0_21|         array|
|ifmap_0_21_q0         |   in|   32|   ap_memory|    ifmap_0_21|         array|
|ifmap_0_22_address0   |  out|    8|   ap_memory|    ifmap_0_22|         array|
|ifmap_0_22_ce0        |  out|    1|   ap_memory|    ifmap_0_22|         array|
|ifmap_0_22_q0         |   in|   32|   ap_memory|    ifmap_0_22|         array|
|ifmap_0_23_address0   |  out|    8|   ap_memory|    ifmap_0_23|         array|
|ifmap_0_23_ce0        |  out|    1|   ap_memory|    ifmap_0_23|         array|
|ifmap_0_23_q0         |   in|   32|   ap_memory|    ifmap_0_23|         array|
|ifmap_0_24_address0   |  out|    8|   ap_memory|    ifmap_0_24|         array|
|ifmap_0_24_ce0        |  out|    1|   ap_memory|    ifmap_0_24|         array|
|ifmap_0_24_q0         |   in|   32|   ap_memory|    ifmap_0_24|         array|
|ifmap_0_25_address0   |  out|    8|   ap_memory|    ifmap_0_25|         array|
|ifmap_0_25_ce0        |  out|    1|   ap_memory|    ifmap_0_25|         array|
|ifmap_0_25_q0         |   in|   32|   ap_memory|    ifmap_0_25|         array|
|ifmap_0_26_address0   |  out|    8|   ap_memory|    ifmap_0_26|         array|
|ifmap_0_26_ce0        |  out|    1|   ap_memory|    ifmap_0_26|         array|
|ifmap_0_26_q0         |   in|   32|   ap_memory|    ifmap_0_26|         array|
|ifmap_0_27_address0   |  out|    8|   ap_memory|    ifmap_0_27|         array|
|ifmap_0_27_ce0        |  out|    1|   ap_memory|    ifmap_0_27|         array|
|ifmap_0_27_q0         |   in|   32|   ap_memory|    ifmap_0_27|         array|
|ifmap_0_28_address0   |  out|    8|   ap_memory|    ifmap_0_28|         array|
|ifmap_0_28_ce0        |  out|    1|   ap_memory|    ifmap_0_28|         array|
|ifmap_0_28_q0         |   in|   32|   ap_memory|    ifmap_0_28|         array|
|ifmap_0_29_address0   |  out|    8|   ap_memory|    ifmap_0_29|         array|
|ifmap_0_29_ce0        |  out|    1|   ap_memory|    ifmap_0_29|         array|
|ifmap_0_29_q0         |   in|   32|   ap_memory|    ifmap_0_29|         array|
|ifmap_0_30_address0   |  out|    8|   ap_memory|    ifmap_0_30|         array|
|ifmap_0_30_ce0        |  out|    1|   ap_memory|    ifmap_0_30|         array|
|ifmap_0_30_q0         |   in|   32|   ap_memory|    ifmap_0_30|         array|
|ifmap_0_31_address0   |  out|    8|   ap_memory|    ifmap_0_31|         array|
|ifmap_0_31_ce0        |  out|    1|   ap_memory|    ifmap_0_31|         array|
|ifmap_0_31_q0         |   in|   32|   ap_memory|    ifmap_0_31|         array|
|ifmap_1_0_address0    |  out|    8|   ap_memory|     ifmap_1_0|         array|
|ifmap_1_0_ce0         |  out|    1|   ap_memory|     ifmap_1_0|         array|
|ifmap_1_0_q0          |   in|   32|   ap_memory|     ifmap_1_0|         array|
|ifmap_1_1_address0    |  out|    8|   ap_memory|     ifmap_1_1|         array|
|ifmap_1_1_ce0         |  out|    1|   ap_memory|     ifmap_1_1|         array|
|ifmap_1_1_q0          |   in|   32|   ap_memory|     ifmap_1_1|         array|
|ifmap_1_2_address0    |  out|    8|   ap_memory|     ifmap_1_2|         array|
|ifmap_1_2_ce0         |  out|    1|   ap_memory|     ifmap_1_2|         array|
|ifmap_1_2_q0          |   in|   32|   ap_memory|     ifmap_1_2|         array|
|ifmap_1_3_address0    |  out|    8|   ap_memory|     ifmap_1_3|         array|
|ifmap_1_3_ce0         |  out|    1|   ap_memory|     ifmap_1_3|         array|
|ifmap_1_3_q0          |   in|   32|   ap_memory|     ifmap_1_3|         array|
|ifmap_1_4_address0    |  out|    8|   ap_memory|     ifmap_1_4|         array|
|ifmap_1_4_ce0         |  out|    1|   ap_memory|     ifmap_1_4|         array|
|ifmap_1_4_q0          |   in|   32|   ap_memory|     ifmap_1_4|         array|
|ifmap_1_5_address0    |  out|    8|   ap_memory|     ifmap_1_5|         array|
|ifmap_1_5_ce0         |  out|    1|   ap_memory|     ifmap_1_5|         array|
|ifmap_1_5_q0          |   in|   32|   ap_memory|     ifmap_1_5|         array|
|ifmap_1_6_address0    |  out|    8|   ap_memory|     ifmap_1_6|         array|
|ifmap_1_6_ce0         |  out|    1|   ap_memory|     ifmap_1_6|         array|
|ifmap_1_6_q0          |   in|   32|   ap_memory|     ifmap_1_6|         array|
|ifmap_1_7_address0    |  out|    8|   ap_memory|     ifmap_1_7|         array|
|ifmap_1_7_ce0         |  out|    1|   ap_memory|     ifmap_1_7|         array|
|ifmap_1_7_q0          |   in|   32|   ap_memory|     ifmap_1_7|         array|
|ifmap_1_8_address0    |  out|    8|   ap_memory|     ifmap_1_8|         array|
|ifmap_1_8_ce0         |  out|    1|   ap_memory|     ifmap_1_8|         array|
|ifmap_1_8_q0          |   in|   32|   ap_memory|     ifmap_1_8|         array|
|ifmap_1_9_address0    |  out|    8|   ap_memory|     ifmap_1_9|         array|
|ifmap_1_9_ce0         |  out|    1|   ap_memory|     ifmap_1_9|         array|
|ifmap_1_9_q0          |   in|   32|   ap_memory|     ifmap_1_9|         array|
|ifmap_1_10_address0   |  out|    8|   ap_memory|    ifmap_1_10|         array|
|ifmap_1_10_ce0        |  out|    1|   ap_memory|    ifmap_1_10|         array|
|ifmap_1_10_q0         |   in|   32|   ap_memory|    ifmap_1_10|         array|
|ifmap_1_11_address0   |  out|    8|   ap_memory|    ifmap_1_11|         array|
|ifmap_1_11_ce0        |  out|    1|   ap_memory|    ifmap_1_11|         array|
|ifmap_1_11_q0         |   in|   32|   ap_memory|    ifmap_1_11|         array|
|ifmap_1_12_address0   |  out|    8|   ap_memory|    ifmap_1_12|         array|
|ifmap_1_12_ce0        |  out|    1|   ap_memory|    ifmap_1_12|         array|
|ifmap_1_12_q0         |   in|   32|   ap_memory|    ifmap_1_12|         array|
|ifmap_1_13_address0   |  out|    8|   ap_memory|    ifmap_1_13|         array|
|ifmap_1_13_ce0        |  out|    1|   ap_memory|    ifmap_1_13|         array|
|ifmap_1_13_q0         |   in|   32|   ap_memory|    ifmap_1_13|         array|
|ifmap_1_14_address0   |  out|    8|   ap_memory|    ifmap_1_14|         array|
|ifmap_1_14_ce0        |  out|    1|   ap_memory|    ifmap_1_14|         array|
|ifmap_1_14_q0         |   in|   32|   ap_memory|    ifmap_1_14|         array|
|ifmap_1_15_address0   |  out|    8|   ap_memory|    ifmap_1_15|         array|
|ifmap_1_15_ce0        |  out|    1|   ap_memory|    ifmap_1_15|         array|
|ifmap_1_15_q0         |   in|   32|   ap_memory|    ifmap_1_15|         array|
|ifmap_1_16_address0   |  out|    8|   ap_memory|    ifmap_1_16|         array|
|ifmap_1_16_ce0        |  out|    1|   ap_memory|    ifmap_1_16|         array|
|ifmap_1_16_q0         |   in|   32|   ap_memory|    ifmap_1_16|         array|
|ifmap_1_17_address0   |  out|    8|   ap_memory|    ifmap_1_17|         array|
|ifmap_1_17_ce0        |  out|    1|   ap_memory|    ifmap_1_17|         array|
|ifmap_1_17_q0         |   in|   32|   ap_memory|    ifmap_1_17|         array|
|ifmap_1_18_address0   |  out|    8|   ap_memory|    ifmap_1_18|         array|
|ifmap_1_18_ce0        |  out|    1|   ap_memory|    ifmap_1_18|         array|
|ifmap_1_18_q0         |   in|   32|   ap_memory|    ifmap_1_18|         array|
|ifmap_1_19_address0   |  out|    8|   ap_memory|    ifmap_1_19|         array|
|ifmap_1_19_ce0        |  out|    1|   ap_memory|    ifmap_1_19|         array|
|ifmap_1_19_q0         |   in|   32|   ap_memory|    ifmap_1_19|         array|
|ifmap_1_20_address0   |  out|    8|   ap_memory|    ifmap_1_20|         array|
|ifmap_1_20_ce0        |  out|    1|   ap_memory|    ifmap_1_20|         array|
|ifmap_1_20_q0         |   in|   32|   ap_memory|    ifmap_1_20|         array|
|ifmap_1_21_address0   |  out|    8|   ap_memory|    ifmap_1_21|         array|
|ifmap_1_21_ce0        |  out|    1|   ap_memory|    ifmap_1_21|         array|
|ifmap_1_21_q0         |   in|   32|   ap_memory|    ifmap_1_21|         array|
|ifmap_1_22_address0   |  out|    8|   ap_memory|    ifmap_1_22|         array|
|ifmap_1_22_ce0        |  out|    1|   ap_memory|    ifmap_1_22|         array|
|ifmap_1_22_q0         |   in|   32|   ap_memory|    ifmap_1_22|         array|
|ifmap_1_23_address0   |  out|    8|   ap_memory|    ifmap_1_23|         array|
|ifmap_1_23_ce0        |  out|    1|   ap_memory|    ifmap_1_23|         array|
|ifmap_1_23_q0         |   in|   32|   ap_memory|    ifmap_1_23|         array|
|ifmap_1_24_address0   |  out|    8|   ap_memory|    ifmap_1_24|         array|
|ifmap_1_24_ce0        |  out|    1|   ap_memory|    ifmap_1_24|         array|
|ifmap_1_24_q0         |   in|   32|   ap_memory|    ifmap_1_24|         array|
|ifmap_1_25_address0   |  out|    8|   ap_memory|    ifmap_1_25|         array|
|ifmap_1_25_ce0        |  out|    1|   ap_memory|    ifmap_1_25|         array|
|ifmap_1_25_q0         |   in|   32|   ap_memory|    ifmap_1_25|         array|
|ifmap_1_26_address0   |  out|    8|   ap_memory|    ifmap_1_26|         array|
|ifmap_1_26_ce0        |  out|    1|   ap_memory|    ifmap_1_26|         array|
|ifmap_1_26_q0         |   in|   32|   ap_memory|    ifmap_1_26|         array|
|ifmap_1_27_address0   |  out|    8|   ap_memory|    ifmap_1_27|         array|
|ifmap_1_27_ce0        |  out|    1|   ap_memory|    ifmap_1_27|         array|
|ifmap_1_27_q0         |   in|   32|   ap_memory|    ifmap_1_27|         array|
|ifmap_1_28_address0   |  out|    8|   ap_memory|    ifmap_1_28|         array|
|ifmap_1_28_ce0        |  out|    1|   ap_memory|    ifmap_1_28|         array|
|ifmap_1_28_q0         |   in|   32|   ap_memory|    ifmap_1_28|         array|
|ifmap_1_29_address0   |  out|    8|   ap_memory|    ifmap_1_29|         array|
|ifmap_1_29_ce0        |  out|    1|   ap_memory|    ifmap_1_29|         array|
|ifmap_1_29_q0         |   in|   32|   ap_memory|    ifmap_1_29|         array|
|ifmap_1_30_address0   |  out|    8|   ap_memory|    ifmap_1_30|         array|
|ifmap_1_30_ce0        |  out|    1|   ap_memory|    ifmap_1_30|         array|
|ifmap_1_30_q0         |   in|   32|   ap_memory|    ifmap_1_30|         array|
|ifmap_1_31_address0   |  out|    8|   ap_memory|    ifmap_1_31|         array|
|ifmap_1_31_ce0        |  out|    1|   ap_memory|    ifmap_1_31|         array|
|ifmap_1_31_q0         |   in|   32|   ap_memory|    ifmap_1_31|         array|
|ifmap_2_0_address0    |  out|    8|   ap_memory|     ifmap_2_0|         array|
|ifmap_2_0_ce0         |  out|    1|   ap_memory|     ifmap_2_0|         array|
|ifmap_2_0_q0          |   in|   32|   ap_memory|     ifmap_2_0|         array|
|ifmap_2_1_address0    |  out|    8|   ap_memory|     ifmap_2_1|         array|
|ifmap_2_1_ce0         |  out|    1|   ap_memory|     ifmap_2_1|         array|
|ifmap_2_1_q0          |   in|   32|   ap_memory|     ifmap_2_1|         array|
|ifmap_2_2_address0    |  out|    8|   ap_memory|     ifmap_2_2|         array|
|ifmap_2_2_ce0         |  out|    1|   ap_memory|     ifmap_2_2|         array|
|ifmap_2_2_q0          |   in|   32|   ap_memory|     ifmap_2_2|         array|
|ifmap_2_3_address0    |  out|    8|   ap_memory|     ifmap_2_3|         array|
|ifmap_2_3_ce0         |  out|    1|   ap_memory|     ifmap_2_3|         array|
|ifmap_2_3_q0          |   in|   32|   ap_memory|     ifmap_2_3|         array|
|ifmap_2_4_address0    |  out|    8|   ap_memory|     ifmap_2_4|         array|
|ifmap_2_4_ce0         |  out|    1|   ap_memory|     ifmap_2_4|         array|
|ifmap_2_4_q0          |   in|   32|   ap_memory|     ifmap_2_4|         array|
|ifmap_2_5_address0    |  out|    8|   ap_memory|     ifmap_2_5|         array|
|ifmap_2_5_ce0         |  out|    1|   ap_memory|     ifmap_2_5|         array|
|ifmap_2_5_q0          |   in|   32|   ap_memory|     ifmap_2_5|         array|
|ifmap_2_6_address0    |  out|    8|   ap_memory|     ifmap_2_6|         array|
|ifmap_2_6_ce0         |  out|    1|   ap_memory|     ifmap_2_6|         array|
|ifmap_2_6_q0          |   in|   32|   ap_memory|     ifmap_2_6|         array|
|ifmap_2_7_address0    |  out|    8|   ap_memory|     ifmap_2_7|         array|
|ifmap_2_7_ce0         |  out|    1|   ap_memory|     ifmap_2_7|         array|
|ifmap_2_7_q0          |   in|   32|   ap_memory|     ifmap_2_7|         array|
|ifmap_2_8_address0    |  out|    8|   ap_memory|     ifmap_2_8|         array|
|ifmap_2_8_ce0         |  out|    1|   ap_memory|     ifmap_2_8|         array|
|ifmap_2_8_q0          |   in|   32|   ap_memory|     ifmap_2_8|         array|
|ifmap_2_9_address0    |  out|    8|   ap_memory|     ifmap_2_9|         array|
|ifmap_2_9_ce0         |  out|    1|   ap_memory|     ifmap_2_9|         array|
|ifmap_2_9_q0          |   in|   32|   ap_memory|     ifmap_2_9|         array|
|ifmap_2_10_address0   |  out|    8|   ap_memory|    ifmap_2_10|         array|
|ifmap_2_10_ce0        |  out|    1|   ap_memory|    ifmap_2_10|         array|
|ifmap_2_10_q0         |   in|   32|   ap_memory|    ifmap_2_10|         array|
|ifmap_2_11_address0   |  out|    8|   ap_memory|    ifmap_2_11|         array|
|ifmap_2_11_ce0        |  out|    1|   ap_memory|    ifmap_2_11|         array|
|ifmap_2_11_q0         |   in|   32|   ap_memory|    ifmap_2_11|         array|
|ifmap_2_12_address0   |  out|    8|   ap_memory|    ifmap_2_12|         array|
|ifmap_2_12_ce0        |  out|    1|   ap_memory|    ifmap_2_12|         array|
|ifmap_2_12_q0         |   in|   32|   ap_memory|    ifmap_2_12|         array|
|ifmap_2_13_address0   |  out|    8|   ap_memory|    ifmap_2_13|         array|
|ifmap_2_13_ce0        |  out|    1|   ap_memory|    ifmap_2_13|         array|
|ifmap_2_13_q0         |   in|   32|   ap_memory|    ifmap_2_13|         array|
|ifmap_2_14_address0   |  out|    8|   ap_memory|    ifmap_2_14|         array|
|ifmap_2_14_ce0        |  out|    1|   ap_memory|    ifmap_2_14|         array|
|ifmap_2_14_q0         |   in|   32|   ap_memory|    ifmap_2_14|         array|
|ifmap_2_15_address0   |  out|    8|   ap_memory|    ifmap_2_15|         array|
|ifmap_2_15_ce0        |  out|    1|   ap_memory|    ifmap_2_15|         array|
|ifmap_2_15_q0         |   in|   32|   ap_memory|    ifmap_2_15|         array|
|ifmap_2_16_address0   |  out|    8|   ap_memory|    ifmap_2_16|         array|
|ifmap_2_16_ce0        |  out|    1|   ap_memory|    ifmap_2_16|         array|
|ifmap_2_16_q0         |   in|   32|   ap_memory|    ifmap_2_16|         array|
|ifmap_2_17_address0   |  out|    8|   ap_memory|    ifmap_2_17|         array|
|ifmap_2_17_ce0        |  out|    1|   ap_memory|    ifmap_2_17|         array|
|ifmap_2_17_q0         |   in|   32|   ap_memory|    ifmap_2_17|         array|
|ifmap_2_18_address0   |  out|    8|   ap_memory|    ifmap_2_18|         array|
|ifmap_2_18_ce0        |  out|    1|   ap_memory|    ifmap_2_18|         array|
|ifmap_2_18_q0         |   in|   32|   ap_memory|    ifmap_2_18|         array|
|ifmap_2_19_address0   |  out|    8|   ap_memory|    ifmap_2_19|         array|
|ifmap_2_19_ce0        |  out|    1|   ap_memory|    ifmap_2_19|         array|
|ifmap_2_19_q0         |   in|   32|   ap_memory|    ifmap_2_19|         array|
|ifmap_2_20_address0   |  out|    8|   ap_memory|    ifmap_2_20|         array|
|ifmap_2_20_ce0        |  out|    1|   ap_memory|    ifmap_2_20|         array|
|ifmap_2_20_q0         |   in|   32|   ap_memory|    ifmap_2_20|         array|
|ifmap_2_21_address0   |  out|    8|   ap_memory|    ifmap_2_21|         array|
|ifmap_2_21_ce0        |  out|    1|   ap_memory|    ifmap_2_21|         array|
|ifmap_2_21_q0         |   in|   32|   ap_memory|    ifmap_2_21|         array|
|ifmap_2_22_address0   |  out|    8|   ap_memory|    ifmap_2_22|         array|
|ifmap_2_22_ce0        |  out|    1|   ap_memory|    ifmap_2_22|         array|
|ifmap_2_22_q0         |   in|   32|   ap_memory|    ifmap_2_22|         array|
|ifmap_2_23_address0   |  out|    8|   ap_memory|    ifmap_2_23|         array|
|ifmap_2_23_ce0        |  out|    1|   ap_memory|    ifmap_2_23|         array|
|ifmap_2_23_q0         |   in|   32|   ap_memory|    ifmap_2_23|         array|
|ifmap_2_24_address0   |  out|    8|   ap_memory|    ifmap_2_24|         array|
|ifmap_2_24_ce0        |  out|    1|   ap_memory|    ifmap_2_24|         array|
|ifmap_2_24_q0         |   in|   32|   ap_memory|    ifmap_2_24|         array|
|ifmap_2_25_address0   |  out|    8|   ap_memory|    ifmap_2_25|         array|
|ifmap_2_25_ce0        |  out|    1|   ap_memory|    ifmap_2_25|         array|
|ifmap_2_25_q0         |   in|   32|   ap_memory|    ifmap_2_25|         array|
|ifmap_2_26_address0   |  out|    8|   ap_memory|    ifmap_2_26|         array|
|ifmap_2_26_ce0        |  out|    1|   ap_memory|    ifmap_2_26|         array|
|ifmap_2_26_q0         |   in|   32|   ap_memory|    ifmap_2_26|         array|
|ifmap_2_27_address0   |  out|    8|   ap_memory|    ifmap_2_27|         array|
|ifmap_2_27_ce0        |  out|    1|   ap_memory|    ifmap_2_27|         array|
|ifmap_2_27_q0         |   in|   32|   ap_memory|    ifmap_2_27|         array|
|ifmap_2_28_address0   |  out|    8|   ap_memory|    ifmap_2_28|         array|
|ifmap_2_28_ce0        |  out|    1|   ap_memory|    ifmap_2_28|         array|
|ifmap_2_28_q0         |   in|   32|   ap_memory|    ifmap_2_28|         array|
|ifmap_2_29_address0   |  out|    8|   ap_memory|    ifmap_2_29|         array|
|ifmap_2_29_ce0        |  out|    1|   ap_memory|    ifmap_2_29|         array|
|ifmap_2_29_q0         |   in|   32|   ap_memory|    ifmap_2_29|         array|
|ifmap_2_30_address0   |  out|    8|   ap_memory|    ifmap_2_30|         array|
|ifmap_2_30_ce0        |  out|    1|   ap_memory|    ifmap_2_30|         array|
|ifmap_2_30_q0         |   in|   32|   ap_memory|    ifmap_2_30|         array|
|ifmap_2_31_address0   |  out|    8|   ap_memory|    ifmap_2_31|         array|
|ifmap_2_31_ce0        |  out|    1|   ap_memory|    ifmap_2_31|         array|
|ifmap_2_31_q0         |   in|   32|   ap_memory|    ifmap_2_31|         array|
|ofmap_address0        |  out|   12|   ap_memory|         ofmap|         array|
|ofmap_ce0             |  out|    1|   ap_memory|         ofmap|         array|
|ofmap_we0             |  out|    1|   ap_memory|         ofmap|         array|
|ofmap_d0              |  out|   32|   ap_memory|         ofmap|         array|
+----------------------+-----+-----+------------+--------------+--------------+

