Copyright 1986-2022 Xilinx, Inc. All Rights Reserved. Copyright 2022-2025 Advanced Micro Devices, Inc. All Rights Reserved.
---------------------------------------------------------------------------------------------------------------------------------------------
| Tool Version : Vivado v.2025.2 (lin64) Build 6299465 Fri Nov 14 12:34:56 MST 2025
| Date         : Sat Jun 27 11:17:29 2026
| Host         : NhanEnten running 64-bit Ubuntu 24.04.4 LTS
| Command      : report_utilization -hierarchical -hierarchical_depth 7 -file ./report/mobilenet_v1_qat_utilization_hierarchical_synth.rpt
| Design       : bd_0_wrapper
| Device       : xc7z045ffg900-2
| Speed File   : -2
| Design State : Synthesized
---------------------------------------------------------------------------------------------------------------------------------------------

Utilization Design Information

Table of Contents
-----------------
1. Utilization by Hierarchy

1. Utilization by Hierarchy
---------------------------

+--------------------------------------------------------------------------+---------------------------------------------------------------------------------------------------------------+------------+------------+---------+------+------+--------+--------+------------+
|                                 Instance                                 |                                                     Module                                                    | Total LUTs | Logic LUTs | LUTRAMs | SRLs |  FFs | RAMB36 | RAMB18 | DSP Blocks |
+--------------------------------------------------------------------------+---------------------------------------------------------------------------------------------------------------+------------+------------+---------+------+------+--------+--------+------------+
| bd_0_wrapper                                                             |                                                                                                         (top) |      11892 |      10862 |     224 |  806 | 8538 |     11 |    144 |        266 |
|   bd_0_i                                                                 |                                                                                                          bd_0 |      11892 |      10862 |     224 |  806 | 8538 |     11 |    144 |        266 |
|     hls_inst                                                             |                                                                                               bd_0_hls_inst_0 |      11892 |      10862 |     224 |  806 | 8538 |     11 |    144 |        266 |
|       inst                                                               |                                                                              bd_0_hls_inst_0_mobilenet_v1_qat |      11892 |      10862 |     224 |  806 | 8538 |     11 |    144 |        266 |
|         (inst)                                                           |                                                                              bd_0_hls_inst_0_mobilenet_v1_qat |          1 |          0 |       0 |    1 |  177 |      0 |      0 |          0 |
|         CTRL_BUS_s_axi_U                                                 |                                                               bd_0_hls_inst_0_mobilenet_v1_qat_CTRL_BUS_s_axi |        169 |        169 |       0 |    0 |  181 |      0 |      0 |          0 |
|         fmul_32ns_32ns_32_4_max_dsp_1_U836                               |                                     bd_0_hls_inst_0_mobilenet_v1_qat_fmul_32ns_32ns_32_4_max_dsp_1__xdcDup__1 |        144 |        144 |       0 |    0 |  116 |      0 |      0 |          3 |
|           (fmul_32ns_32ns_32_4_max_dsp_1_U836)                           |                                     bd_0_hls_inst_0_mobilenet_v1_qat_fmul_32ns_32ns_32_4_max_dsp_1__xdcDup__1 |         79 |         79 |       0 |    0 |   67 |      0 |      0 |          0 |
|           mobilenet_v1_qat_fmul_32ns_32ns_32_4_max_dsp_1_ip_u            |                                             bd_0_hls_inst_0_mobilenet_v1_qat_fmul_32ns_32ns_32_4_max_dsp_1_ip |         65 |         65 |       0 |    0 |   49 |      0 |      0 |          3 |
|             U0                                                           |                                                                        bd_0_hls_inst_0_floating_point_v7_1_21 |         65 |         65 |       0 |    0 |   49 |      0 |      0 |          3 |
|               i_synth                                                    |                                                                    bd_0_hls_inst_0_floating_point_v7_1_21_viv |         65 |         65 |       0 |    0 |   49 |      0 |      0 |          3 |
|         gmem_m_axi_U                                                     |                                                                   bd_0_hls_inst_0_mobilenet_v1_qat_gmem_m_axi |       1231 |        999 |       0 |  232 | 1771 |      0 |      1 |          0 |
|           bus_read                                                       |                                                              bd_0_hls_inst_0_mobilenet_v1_qat_gmem_m_axi_read |        343 |        343 |       0 |    0 |  562 |      0 |      0 |          0 |
|             rreq_burst_conv                                              |                                               bd_0_hls_inst_0_mobilenet_v1_qat_gmem_m_axi_burst_converter_492 |        265 |        265 |       0 |    0 |  460 |      0 |      0 |          0 |
|               burst_sequential                                           |                                              bd_0_hls_inst_0_mobilenet_v1_qat_gmem_m_axi_burst_sequential_493 |        265 |        265 |       0 |    0 |  460 |      0 |      0 |          0 |
|             rs_rdata                                                     |                                         bd_0_hls_inst_0_mobilenet_v1_qat_gmem_m_axi_reg_slice__parameterized3 |         40 |         40 |       0 |    0 |   71 |      0 |      0 |          0 |
|           bus_write                                                      |                                                             bd_0_hls_inst_0_mobilenet_v1_qat_gmem_m_axi_write |        475 |        412 |       0 |   63 |  762 |      0 |      0 |          0 |
|             wreq_burst_conv                                              |                                                   bd_0_hls_inst_0_mobilenet_v1_qat_gmem_m_axi_burst_converter |        265 |        265 |       0 |    0 |  463 |      0 |      0 |          0 |
|               burst_sequential                                           |                                                  bd_0_hls_inst_0_mobilenet_v1_qat_gmem_m_axi_burst_sequential |        265 |        265 |       0 |    0 |  463 |      0 |      0 |          0 |
|             wreq_throttle                                                |                                                          bd_0_hls_inst_0_mobilenet_v1_qat_gmem_m_axi_throttle |        183 |        121 |       0 |   62 |  276 |      0 |      0 |          0 |
|               rs_req                                                     |                                         bd_0_hls_inst_0_mobilenet_v1_qat_gmem_m_axi_reg_slice__parameterized1 |         73 |         73 |       0 |    0 |  137 |      0 |      0 |          0 |
|               fifo_burst_gen[0].fifo_req                                 |                                              bd_0_hls_inst_0_mobilenet_v1_qat_gmem_m_axi_fifo__parameterized5 |         85 |         23 |       0 |   62 |   79 |      0 |      0 |          0 |
|           load_unit_0                                                    |                                                              bd_0_hls_inst_0_mobilenet_v1_qat_gmem_m_axi_load |        170 |        106 |       0 |   64 |  183 |      0 |      1 |          0 |
|             (load_unit_0)                                                |                                                              bd_0_hls_inst_0_mobilenet_v1_qat_gmem_m_axi_load |          1 |          1 |       0 |    0 |   68 |      0 |      0 |          0 |
|             buff_rdata                                                   |                                              bd_0_hls_inst_0_mobilenet_v1_qat_gmem_m_axi_fifo__parameterized4 |         50 |         50 |       0 |    0 |   37 |      0 |      1 |          0 |
|             fifo_rreq                                                    |                                          bd_0_hls_inst_0_mobilenet_v1_qat_gmem_m_axi_fifo__parameterized0_486 |        119 |         55 |       0 |   64 |   78 |      0 |      0 |          0 |
|               U_fifo_srl                                                 |                                           bd_0_hls_inst_0_mobilenet_v1_qat_gmem_m_axi_srl__parameterized0_487 |        100 |         36 |       0 |   64 |   64 |      0 |      0 |          0 |
|           store_unit_0                                                   |                                                             bd_0_hls_inst_0_mobilenet_v1_qat_gmem_m_axi_store |        243 |        138 |       0 |  105 |  264 |      0 |      0 |          0 |
|             (store_unit_0)                                               |                                                             bd_0_hls_inst_0_mobilenet_v1_qat_gmem_m_axi_store |          2 |          2 |       0 |    0 |   80 |      0 |      0 |          0 |
|             buff_wdata                                                   |                                              bd_0_hls_inst_0_mobilenet_v1_qat_gmem_m_axi_fifo__parameterized1 |         69 |         33 |       0 |   36 |   56 |      0 |      0 |          0 |
|             conservative_gen.fifo_burst                                  |                                                              bd_0_hls_inst_0_mobilenet_v1_qat_gmem_m_axi_fifo |         51 |         47 |       0 |    4 |   21 |      0 |      0 |          0 |
|             fifo_wreq                                                    |                                              bd_0_hls_inst_0_mobilenet_v1_qat_gmem_m_axi_fifo__parameterized0 |         86 |         22 |       0 |   64 |   78 |      0 |      0 |          0 |
|               U_fifo_srl                                                 |                                               bd_0_hls_inst_0_mobilenet_v1_qat_gmem_m_axi_srl__parameterized0 |         69 |          5 |       0 |   64 |   64 |      0 |      0 |          0 |
|         grp_conv0_qat_fu_683                                             |                                                                    bd_0_hls_inst_0_mobilenet_v1_qat_conv0_qat |       2106 |       1889 |       0 |  217 | 1052 |      0 |     27 |         25 |
|           (grp_conv0_qat_fu_683)                                         |                                                                    bd_0_hls_inst_0_mobilenet_v1_qat_conv0_qat |        460 |        255 |       0 |  205 |  856 |      0 |      0 |          1 |
|           mac_muladd_8s_7s_14s_15_4_1_U119                               |                                                  bd_0_hls_inst_0_mobilenet_v1_qat_mac_muladd_8s_7s_14s_15_4_1 |         52 |         52 |       0 |    0 |    0 |      0 |      0 |          1 |
|             mobilenet_v1_qat_mac_muladd_8s_7s_14s_15_4_1_DSP48_0_U       |                                          bd_0_hls_inst_0_mobilenet_v1_qat_mac_muladd_8s_7s_14s_15_4_1_DSP48_0 |         52 |         52 |       0 |    0 |    0 |      0 |      0 |          1 |
|           mac_muladd_8s_7s_16s_16_4_1_U127                               |                                                  bd_0_hls_inst_0_mobilenet_v1_qat_mac_muladd_8s_7s_16s_16_4_1 |         82 |         82 |       0 |    0 |    0 |      0 |      0 |          1 |
|             mobilenet_v1_qat_mac_muladd_8s_7s_16s_16_4_1_DSP48_0_U       |                                      bd_0_hls_inst_0_mobilenet_v1_qat_mac_muladd_8s_7s_16s_16_4_1_DSP48_0_483 |         82 |         82 |       0 |    0 |    0 |      0 |      0 |          1 |
|           mac_muladd_8s_8s_18s_18_4_1_U133                               |                                              bd_0_hls_inst_0_mobilenet_v1_qat_mac_muladd_8s_8s_18s_18_4_1_464 |         56 |         56 |       0 |    0 |    0 |      0 |      0 |          1 |
|             mobilenet_v1_qat_mac_muladd_8s_8s_18s_18_4_1_DSP48_0_U       |                                          bd_0_hls_inst_0_mobilenet_v1_qat_mac_muladd_8s_8s_18s_18_4_1_DSP48_0 |         56 |         56 |       0 |    0 |    0 |      0 |      0 |          1 |
|           mac_muladd_8s_8s_19s_19_4_1_U134                               |                                                  bd_0_hls_inst_0_mobilenet_v1_qat_mac_muladd_8s_8s_19s_19_4_1 |         57 |         57 |       0 |    0 |    0 |      0 |      0 |          1 |
|             mobilenet_v1_qat_mac_muladd_8s_8s_19s_19_4_1_DSP48_0_U       |                                      bd_0_hls_inst_0_mobilenet_v1_qat_mac_muladd_8s_8s_19s_19_4_1_DSP48_0_480 |         57 |         57 |       0 |    0 |    0 |      0 |      0 |          1 |
|           mac_muladd_8s_8s_19s_19_4_1_U135                               |                                              bd_0_hls_inst_0_mobilenet_v1_qat_mac_muladd_8s_8s_19s_19_4_1_465 |         57 |         57 |       0 |    0 |    0 |      0 |      0 |          1 |
|             mobilenet_v1_qat_mac_muladd_8s_8s_19s_19_4_1_DSP48_0_U       |                                      bd_0_hls_inst_0_mobilenet_v1_qat_mac_muladd_8s_8s_19s_19_4_1_DSP48_0_479 |         57 |         57 |       0 |    0 |    0 |      0 |      0 |          1 |
|           mul_5ns_5ns_7_1_1_U77                                          |                                                            bd_0_hls_inst_0_mobilenet_v1_qat_mul_5ns_5ns_7_1_1 |        100 |        100 |       0 |    0 |    0 |      0 |      0 |          0 |
|           mul_7s_5ns_7_1_1_U78                                           |                                                             bd_0_hls_inst_0_mobilenet_v1_qat_mul_7s_5ns_7_1_1 |        145 |        145 |       0 |    0 |    0 |      0 |      0 |          0 |
|           p_ZL13conv_0_w_fold_0_1_1_U                                    |                           bd_0_hls_inst_0_mobilenet_v1_qat_conv0_qat_p_ZL13conv_0_w_fold_0_1_1_ROM_2P_BRAM_1R |         56 |         56 |       0 |    0 |    0 |      0 |      1 |          0 |
|           p_ZL13conv_0_w_fold_1_0_1_U                                    |                           bd_0_hls_inst_0_mobilenet_v1_qat_conv0_qat_p_ZL13conv_0_w_fold_1_0_1_ROM_2P_BRAM_1R |         56 |         56 |       0 |    0 |    0 |      0 |      1 |          0 |
|           p_ZL13conv_0_w_fold_1_0_2_U                                    |                           bd_0_hls_inst_0_mobilenet_v1_qat_conv0_qat_p_ZL13conv_0_w_fold_1_0_2_ROM_2P_BRAM_1R |         56 |         56 |       0 |    0 |    0 |      0 |      1 |          0 |
|           p_ZL13conv_0_w_fold_1_1_2_U                                    |                           bd_0_hls_inst_0_mobilenet_v1_qat_conv0_qat_p_ZL13conv_0_w_fold_1_1_2_ROM_2P_BRAM_1R |         51 |         51 |       0 |    0 |    0 |      0 |      1 |          0 |
|           p_ZL13conv_0_w_fold_1_2_0_U                                    |                           bd_0_hls_inst_0_mobilenet_v1_qat_conv0_qat_p_ZL13conv_0_w_fold_1_2_0_ROM_2P_BRAM_1R |         56 |         56 |       0 |    0 |    0 |      0 |      1 |          0 |
|           p_ZL13conv_0_w_fold_1_2_1_U                                    |                           bd_0_hls_inst_0_mobilenet_v1_qat_conv0_qat_p_ZL13conv_0_w_fold_1_2_1_ROM_2P_BRAM_1R |         56 |         56 |       0 |    0 |    0 |      0 |      1 |          0 |
|           p_ZL13conv_0_w_fold_1_2_2_U                                    |                           bd_0_hls_inst_0_mobilenet_v1_qat_conv0_qat_p_ZL13conv_0_w_fold_1_2_2_ROM_2P_BRAM_1R |         51 |         51 |       0 |    0 |    0 |      0 |      1 |          0 |
|         grp_dw0_qat_fu_779                                               |                                                                      bd_0_hls_inst_0_mobilenet_v1_qat_dw0_qat |        886 |        786 |       0 |  100 |  352 |      0 |      9 |         18 |
|           (grp_dw0_qat_fu_779)                                           |                                                                      bd_0_hls_inst_0_mobilenet_v1_qat_dw0_qat |        682 |        592 |       0 |   90 |  304 |      0 |      0 |          9 |
|           mac_muladd_8s_6ns_12s_14_4_1_U256                              |                                                 bd_0_hls_inst_0_mobilenet_v1_qat_mac_muladd_8s_6ns_12s_14_4_1 |         50 |         50 |       0 |    0 |    0 |      0 |      0 |          1 |
|             mobilenet_v1_qat_mac_muladd_8s_6ns_12s_14_4_1_DSP48_0_U      |                                         bd_0_hls_inst_0_mobilenet_v1_qat_mac_muladd_8s_6ns_12s_14_4_1_DSP48_0 |         50 |         50 |       0 |    0 |    0 |      0 |      0 |          1 |
|         grp_dw1_qat_fu_835                                               |                                                                      bd_0_hls_inst_0_mobilenet_v1_qat_dw1_qat |        937 |        845 |       0 |   92 |  358 |      0 |      9 |         10 |
|           (grp_dw1_qat_fu_835)                                           |                                                                      bd_0_hls_inst_0_mobilenet_v1_qat_dw1_qat |        772 |        686 |       0 |   86 |  321 |      0 |      0 |          0 |
|           mac_muladd_8s_7ns_13s_15_4_1_U370                              |                                             bd_0_hls_inst_0_mobilenet_v1_qat_mac_muladd_8s_7ns_13s_15_4_1_423 |         56 |         56 |       0 |    0 |    0 |      0 |      0 |          1 |
|             mobilenet_v1_qat_mac_muladd_8s_7ns_13s_15_4_1_DSP48_0_U      |                                     bd_0_hls_inst_0_mobilenet_v1_qat_mac_muladd_8s_7ns_13s_15_4_1_DSP48_0_445 |         56 |         56 |       0 |    0 |    0 |      0 |      0 |          1 |
|         grp_dw2_qat_fu_891                                               |                                                                      bd_0_hls_inst_0_mobilenet_v1_qat_dw2_qat |        820 |        735 |       0 |   85 |  303 |      0 |      9 |         10 |
|           (grp_dw2_qat_fu_891)                                           |                                                                      bd_0_hls_inst_0_mobilenet_v1_qat_dw2_qat |        684 |        603 |       0 |   81 |  264 |      0 |      0 |          0 |
|           mac_muladd_8s_7ns_13s_15_4_1_U490                              |                                                 bd_0_hls_inst_0_mobilenet_v1_qat_mac_muladd_8s_7ns_13s_15_4_1 |         56 |         56 |       0 |    0 |    0 |      0 |      0 |          1 |
|             mobilenet_v1_qat_mac_muladd_8s_7ns_13s_15_4_1_DSP48_0_U      |                                         bd_0_hls_inst_0_mobilenet_v1_qat_mac_muladd_8s_7ns_13s_15_4_1_DSP48_0 |         56 |         56 |       0 |    0 |    0 |      0 |      0 |          1 |
|         grp_dw3_qat_fu_954                                               |                                                                      bd_0_hls_inst_0_mobilenet_v1_qat_dw3_qat |        283 |        246 |       0 |   37 |  250 |      0 |      9 |         10 |
|           (grp_dw3_qat_fu_954)                                           |                                                                      bd_0_hls_inst_0_mobilenet_v1_qat_dw3_qat |        208 |        171 |       0 |   37 |  236 |      0 |      0 |          0 |
|         grp_fc_qat_fu_1017                                               |                                                                       bd_0_hls_inst_0_mobilenet_v1_qat_fc_qat |        613 |        610 |       0 |    3 |  839 |      0 |     10 |         13 |
|           (grp_fc_qat_fu_1017)                                           |                                                                       bd_0_hls_inst_0_mobilenet_v1_qat_fc_qat |        123 |        123 |       0 |    0 |  272 |      0 |      0 |          0 |
|           fmul_32ns_32ns_32_4_max_dsp_1_U827                             |                                                bd_0_hls_inst_0_mobilenet_v1_qat_fmul_32ns_32ns_32_4_max_dsp_1 |         96 |         96 |       0 |    0 |   81 |      0 |      0 |          3 |
|             mobilenet_v1_qat_fmul_32ns_32ns_32_4_max_dsp_1_ip_u          |                                          bd_0_hls_inst_0_mobilenet_v1_qat_fmul_32ns_32ns_32_4_max_dsp_1_ip__2 |         62 |         62 |       0 |    0 |   49 |      0 |      0 |          3 |
|               U0                                                         |                                                                     bd_0_hls_inst_0_floating_point_v7_1_21__2 |         62 |         62 |       0 |    0 |   49 |      0 |      0 |          3 |
|           grp_fc_qat_Pipeline_FC_IC_fu_197                               |                                                        bd_0_hls_inst_0_mobilenet_v1_qat_fc_qat_Pipeline_FC_IC |        103 |        102 |       0 |    1 |  246 |      0 |     10 |         10 |
|             (grp_fc_qat_Pipeline_FC_IC_fu_197)                           |                                                        bd_0_hls_inst_0_mobilenet_v1_qat_fc_qat_Pipeline_FC_IC |         70 |         69 |       0 |    1 |  244 |      0 |      0 |          0 |
|           sitofp_32s_32_5_no_dsp_1_U828                                  |                                          bd_0_hls_inst_0_mobilenet_v1_qat_sitofp_32s_32_5_no_dsp_1__xdcDup__1 |        145 |        144 |       0 |    1 |  120 |      0 |      0 |          0 |
|             mobilenet_v1_qat_sitofp_32s_32_5_no_dsp_1_ip_u               |                                                  bd_0_hls_inst_0_mobilenet_v1_qat_sitofp_32s_32_5_no_dsp_1_ip |        145 |        144 |       0 |    1 |   97 |      0 |      0 |          0 |
|               U0                                                         |                                                        bd_0_hls_inst_0_floating_point_v7_1_21__parameterized1 |        145 |        144 |       0 |    1 |   97 |      0 |      0 |          0 |
|           sitofp_32s_32_5_no_dsp_1_U829                                  |                                                     bd_0_hls_inst_0_mobilenet_v1_qat_sitofp_32s_32_5_no_dsp_1 |        146 |        145 |       0 |    1 |  120 |      0 |      0 |          0 |
|             mobilenet_v1_qat_sitofp_32s_32_5_no_dsp_1_ip_u               |                                               bd_0_hls_inst_0_mobilenet_v1_qat_sitofp_32s_32_5_no_dsp_1_ip__2 |        145 |        144 |       0 |    1 |   97 |      0 |      0 |          0 |
|               U0                                                         |                                                     bd_0_hls_inst_0_floating_point_v7_1_21__parameterized1__2 |        145 |        144 |       0 |    1 |   97 |      0 |      0 |          0 |
|         grp_mobilenet_v1_qat_Pipeline_LOAD_IC_LOAD_IH_LOAD_IW_fu_645     |                            bd_0_hls_inst_0_mobilenet_v1_qat_mobilenet_v1_qat_Pipeline_LOAD_IC_LOAD_IH_LOAD_IW |        420 |        398 |       0 |   22 |  321 |      0 |      0 |          2 |
|           (grp_mobilenet_v1_qat_Pipeline_LOAD_IC_LOAD_IH_LOAD_IW_fu_645) |                            bd_0_hls_inst_0_mobilenet_v1_qat_mobilenet_v1_qat_Pipeline_LOAD_IC_LOAD_IH_LOAD_IW |        228 |        218 |       0 |   10 |  210 |      0 |      0 |          2 |
|           one_half_table_U                                               | bd_0_hls_inst_0_mobilenet_v1_qat_mobilenet_v1_qat_Pipeline_LOAD_IC_LOAD_IH_LOAD_IW_one_half_table_ROM_AUTO_1R |         68 |         68 |       0 |    0 |   24 |      0 |      0 |          0 |
|         grp_pw0_qat_fu_814                                               |                                                                      bd_0_hls_inst_0_mobilenet_v1_qat_pw0_qat |        380 |        371 |       0 |    9 |  297 |      0 |      2 |         15 |
|           (grp_pw0_qat_fu_814)                                           |                                                                      bd_0_hls_inst_0_mobilenet_v1_qat_pw0_qat |        259 |        258 |       0 |    1 |  241 |      0 |      0 |          3 |
|         grp_pw1_qat_fu_870                                               |                                                                      bd_0_hls_inst_0_mobilenet_v1_qat_pw1_qat |        601 |        593 |       0 |    8 |  423 |      0 |      2 |         23 |
|           (grp_pw1_qat_fu_870)                                           |                                                                      bd_0_hls_inst_0_mobilenet_v1_qat_pw1_qat |        455 |        455 |       0 |    0 |  382 |      0 |      0 |          3 |
|           p_ZL20features_1_pw_w_fold_1_U                                 |                          bd_0_hls_inst_0_mobilenet_v1_qat_pw1_qat_p_ZL20features_1_pw_w_fold_1_ROM_2P_BRAM_1R |         69 |         69 |       0 |    0 |    0 |      0 |      1 |          0 |
|         grp_pw2_qat_fu_926                                               |                                                                      bd_0_hls_inst_0_mobilenet_v1_qat_pw2_qat |       1046 |       1046 |       0 |    0 |  684 |      2 |      0 |         39 |
|           (grp_pw2_qat_fu_926)                                           |                                                                      bd_0_hls_inst_0_mobilenet_v1_qat_pw2_qat |        760 |        760 |       0 |    0 |  668 |      0 |      0 |          2 |
|           flow_control_loop_pipe_sequential_init_U                       |                                   bd_0_hls_inst_0_mobilenet_v1_qat_flow_control_loop_pipe_sequential_init_197 |         85 |         85 |       0 |    0 |    2 |      0 |      0 |          0 |
|           mac_muladd_8s_7ns_16s_17_4_1_U587                              |                                             bd_0_hls_inst_0_mobilenet_v1_qat_mac_muladd_8s_7ns_16s_17_4_1_230 |         51 |         51 |       0 |    0 |    0 |      0 |      0 |          1 |
|             mobilenet_v1_qat_mac_muladd_8s_7ns_16s_17_4_1_DSP48_0_U      |                                     bd_0_hls_inst_0_mobilenet_v1_qat_mac_muladd_8s_7ns_16s_17_4_1_DSP48_0_234 |         51 |         51 |       0 |    0 |    0 |      0 |      0 |          1 |
|           p_ZL20features_2_pw_w_fold_1_U                                 |                          bd_0_hls_inst_0_mobilenet_v1_qat_pw2_qat_p_ZL20features_2_pw_w_fold_1_ROM_2P_BRAM_1R |        131 |        131 |       0 |    0 |    0 |      1 |      0 |          0 |
|         grp_pw3_qat_fu_996                                               |                                                                      bd_0_hls_inst_0_mobilenet_v1_qat_pw3_qat |       1793 |       1793 |       0 |    0 | 1200 |      8 |      1 |         72 |
|           (grp_pw3_qat_fu_996)                                           |                                                                      bd_0_hls_inst_0_mobilenet_v1_qat_pw3_qat |       1473 |       1473 |       0 |    0 | 1198 |      0 |      0 |          3 |
|           flow_control_loop_pipe_sequential_init_U                       |                                       bd_0_hls_inst_0_mobilenet_v1_qat_flow_control_loop_pipe_sequential_init |         93 |         93 |       0 |    0 |    2 |      0 |      0 |          0 |
|           p_ZL20features_3_pw_w_fold_1_U                                 |                          bd_0_hls_inst_0_mobilenet_v1_qat_pw3_qat_p_ZL20features_3_pw_w_fold_1_ROM_2P_BRAM_1R |        180 |        180 |       0 |    0 |    0 |      4 |      0 |          0 |
|         mul_64ns_66ns_129_5_1_U837                                       |                                                        bd_0_hls_inst_0_mobilenet_v1_qat_mul_64ns_66ns_129_5_1 |         82 |         82 |       0 |    0 |   28 |      0 |      0 |         13 |
|         mul_64ns_66ns_129_5_1_U838                                       |                                                     bd_0_hls_inst_0_mobilenet_v1_qat_mul_64ns_66ns_129_5_1_38 |         83 |         83 |       0 |    0 |   28 |      0 |      0 |         13 |
+--------------------------------------------------------------------------+---------------------------------------------------------------------------------------------------------------+------------+------------+---------+------+------+--------+--------+------------+


