

================================================================
== Vitis HLS Report for 'fc_qat_Pipeline_FC_IC'
================================================================
* Date:           Sat Jun 27 11:08:37 2026

* Version:        2025.2 (Build 6295257 on Nov 14 2025)
* Project:        QAT_HLS
* Solution:       hls (Vivado IP Flow Target)
* Product family: zynq
* Target device:  xc7z045-ffg900-2


================================================================
== Performance Estimates
================================================================
+ Timing: 
    * Summary: 
    +--------+----------+----------+------------+
    |  Clock |  Target  | Estimated| Uncertainty|
    +--------+----------+----------+------------+
    |ap_clk  |  10.00 ns|  4.818 ns|     2.70 ns|
    +--------+----------+----------+------------+

+ Latency: 
    * Summary: 
    +---------+---------+----------+----------+-----+-----+-------------------+
    |  Latency (cycles) |  Latency (absolute) |  Interval |      Pipeline     |
    |   min   |   max   |    min   |    max   | min | max |        Type       |
    +---------+---------+----------+----------+-----+-----+-------------------+
    |      261|      261|  2.610 us|  2.610 us|    0|    0|  loop pipeline stp|
    +---------+---------+----------+----------+-----+-----+-------------------+

    + Detail: 
        * Instance: 
        N/A

        * Loop: 
        +----------+---------+---------+----------+-----------+-----------+------+----------+
        |          |  Latency (cycles) | Iteration|  Initiation Interval  | Trip |          |
        | Loop Name|   min   |   max   |  Latency |  achieved |   target  | Count| Pipelined|
        +----------+---------+---------+----------+-----------+-----------+------+----------+
        |- FC_IC   |      259|      259|         5|          1|          1|   256|       yes|
        +----------+---------+---------+----------+-----------+-----------+------+----------+



================================================================
== Utilization Estimates
================================================================
* Summary: 
+-----------------+---------+-----+--------+--------+-----+
|       Name      | BRAM_18K| DSP |   FF   |   LUT  | URAM|
+-----------------+---------+-----+--------+--------+-----+
|DSP              |        -|   10|       -|       -|    -|
|Expression       |        -|    -|       0|      21|    -|
|FIFO             |        -|    -|       -|       -|    -|
|Instance         |        -|    -|       -|       -|    -|
|Memory           |       10|    -|       0|       0|    -|
|Multiplexer      |        -|    -|       0|     216|    -|
|Register         |        -|    -|     313|      32|    -|
+-----------------+---------+-----+--------+--------+-----+
|Total            |       10|   10|     313|     269|    0|
+-----------------+---------+-----+--------+--------+-----+
|Available        |     1090|  900|  437200|  218600|    0|
+-----------------+---------+-----+--------+--------+-----+
|Utilization (%)  |       ~0|    1|      ~0|      ~0|    0|
+-----------------+---------+-----+--------+--------+-----+

+ Detail: 
    * Instance: 
    N/A

    * DSP: 
    +-----------------------------------+------------------------------+--------------+
    |              Instance             |            Module            |  Expression  |
    +-----------------------------------+------------------------------+--------------+
    |mac_muladd_8s_7ns_23s_23_4_1_U794  |mac_muladd_8s_7ns_23s_23_4_1  |  i0 * i1 + i2|
    |mac_muladd_8s_7ns_23s_23_4_1_U795  |mac_muladd_8s_7ns_23s_23_4_1  |  i0 * i1 + i2|
    |mac_muladd_8s_7ns_23s_23_4_1_U796  |mac_muladd_8s_7ns_23s_23_4_1  |  i0 * i1 + i2|
    |mac_muladd_8s_7ns_23s_23_4_1_U797  |mac_muladd_8s_7ns_23s_23_4_1  |  i0 * i1 + i2|
    |mac_muladd_8s_7ns_23s_23_4_1_U798  |mac_muladd_8s_7ns_23s_23_4_1  |  i0 * i1 + i2|
    |mac_muladd_8s_7ns_23s_23_4_1_U799  |mac_muladd_8s_7ns_23s_23_4_1  |  i0 * i1 + i2|
    |mac_muladd_8s_7ns_23s_23_4_1_U800  |mac_muladd_8s_7ns_23s_23_4_1  |  i0 * i1 + i2|
    |mac_muladd_8s_7ns_23s_23_4_1_U801  |mac_muladd_8s_7ns_23s_23_4_1  |  i0 * i1 + i2|
    |mac_muladd_8s_7ns_23s_23_4_1_U802  |mac_muladd_8s_7ns_23s_23_4_1  |  i0 * i1 + i2|
    |mac_muladd_8s_7ns_23s_23_4_1_U803  |mac_muladd_8s_7ns_23s_23_4_1  |  i0 * i1 + i2|
    +-----------------------------------+------------------------------+--------------+

    * Memory: 
    +--------------------+-------------------------------------------------------+---------+---+----+-----+------+-----+------+-------------+
    |       Memory       |                         Module                        | BRAM_18K| FF| LUT| URAM| Words| Bits| Banks| W*Bits*Banks|
    +--------------------+-------------------------------------------------------+---------+---+----+-----+------+-----+------+-------------+
    |p_ZL9fc_w_fold_0_U  |fc_qat_Pipeline_FC_IC_p_ZL9fc_w_fold_0_ROM_2P_BRAM_1R  |        1|  0|   0|    0|   256|    8|     1|         2048|
    |p_ZL9fc_w_fold_1_U  |fc_qat_Pipeline_FC_IC_p_ZL9fc_w_fold_1_ROM_2P_BRAM_1R  |        1|  0|   0|    0|   256|    8|     1|         2048|
    |p_ZL9fc_w_fold_2_U  |fc_qat_Pipeline_FC_IC_p_ZL9fc_w_fold_2_ROM_2P_BRAM_1R  |        1|  0|   0|    0|   256|    8|     1|         2048|
    |p_ZL9fc_w_fold_3_U  |fc_qat_Pipeline_FC_IC_p_ZL9fc_w_fold_3_ROM_2P_BRAM_1R  |        1|  0|   0|    0|   256|    8|     1|         2048|
    |p_ZL9fc_w_fold_4_U  |fc_qat_Pipeline_FC_IC_p_ZL9fc_w_fold_4_ROM_2P_BRAM_1R  |        1|  0|   0|    0|   256|    8|     1|         2048|
    |p_ZL9fc_w_fold_5_U  |fc_qat_Pipeline_FC_IC_p_ZL9fc_w_fold_5_ROM_2P_BRAM_1R  |        1|  0|   0|    0|   256|    8|     1|         2048|
    |p_ZL9fc_w_fold_6_U  |fc_qat_Pipeline_FC_IC_p_ZL9fc_w_fold_6_ROM_2P_BRAM_1R  |        1|  0|   0|    0|   256|    8|     1|         2048|
    |p_ZL9fc_w_fold_7_U  |fc_qat_Pipeline_FC_IC_p_ZL9fc_w_fold_7_ROM_2P_BRAM_1R  |        1|  0|   0|    0|   256|    8|     1|         2048|
    |p_ZL9fc_w_fold_8_U  |fc_qat_Pipeline_FC_IC_p_ZL9fc_w_fold_8_ROM_2P_BRAM_1R  |        1|  0|   0|    0|   256|    8|     1|         2048|
    |p_ZL9fc_w_fold_9_U  |fc_qat_Pipeline_FC_IC_p_ZL9fc_w_fold_9_ROM_2P_BRAM_1R  |        1|  0|   0|    0|   256|    8|     1|         2048|
    +--------------------+-------------------------------------------------------+---------+---+----+-----+------+-----+------+-------------+
    |Total               |                                                       |       10|  0|   0|    0|  2560|   80|    10|        20480|
    +--------------------+-------------------------------------------------------+---------+---+----+-----+------+-----+------+-------------+

    * FIFO: 
    N/A

    * Expression: 
    +---------------------+----------+----+---+----+------------+------------+
    |    Variable Name    | Operation| DSP| FF| LUT| Bitwidth P0| Bitwidth P1|
    +---------------------+----------+----+---+----+------------+------------+
    |add_ln19_fu_421_p2   |         +|   0|  0|   9|           9|           1|
    |icmp_ln19_fu_415_p2  |      icmp|   0|  0|  10|           9|          10|
    |ap_enable_pp0        |       xor|   0|  0|   2|           1|           2|
    +---------------------+----------+----+---+----+------------+------------+
    |Total                |          |   0|  0|  21|          19|          13|
    +---------------------+----------+----+---+----+------------+------------+

    * Multiplexer: 
    +---------------------------+----+-----------+-----+-----------+
    |            Name           | LUT| Input Size| Bits| Total Bits|
    +---------------------------+----+-----------+-----+-----------+
    |ap_done_int                |   9|          2|    1|          2|
    |ap_enable_reg_pp0_iter1    |   9|          2|    1|          2|
    |ap_sig_allocacmp_ic_1      |   9|          2|    9|         18|
    |ap_sig_allocacmp_p_load    |   9|          2|   23|         46|
    |ap_sig_allocacmp_p_load11  |   9|          2|   23|         46|
    |ap_sig_allocacmp_p_load13  |   9|          2|   23|         46|
    |ap_sig_allocacmp_p_load15  |   9|          2|   23|         46|
    |ap_sig_allocacmp_p_load17  |   9|          2|   23|         46|
    |ap_sig_allocacmp_p_load19  |   9|          2|   23|         46|
    |ap_sig_allocacmp_p_load21  |   9|          2|   23|         46|
    |ap_sig_allocacmp_p_load23  |   9|          2|   23|         46|
    |ap_sig_allocacmp_p_load25  |   9|          2|   23|         46|
    |ap_sig_allocacmp_p_load27  |   9|          2|   23|         46|
    |empty_40_fu_104            |   9|          2|   23|         46|
    |empty_41_fu_108            |   9|          2|   23|         46|
    |empty_42_fu_112            |   9|          2|   23|         46|
    |empty_43_fu_116            |   9|          2|   23|         46|
    |empty_44_fu_120            |   9|          2|   23|         46|
    |empty_45_fu_124            |   9|          2|   23|         46|
    |empty_46_fu_128            |   9|          2|   23|         46|
    |empty_47_fu_132            |   9|          2|   23|         46|
    |empty_48_fu_136            |   9|          2|   23|         46|
    |empty_fu_100               |   9|          2|   23|         46|
    |ic_fu_140                  |   9|          2|    9|         18|
    +---------------------------+----+-----------+-----+-----------+
    |Total                      | 216|         48|  480|        960|
    +---------------------------+----+-----------+-----+-----------+

    * Register: 
    +----------------------------------+----+----+-----+-----------+
    |               Name               | FF | LUT| Bits| Const Bits|
    +----------------------------------+----+----+-----+-----------+
    |ap_CS_fsm                         |   1|   0|    1|          0|
    |ap_done_reg                       |   1|   0|    1|          0|
    |ap_enable_reg_pp0_iter1           |   1|   0|    1|          0|
    |ap_enable_reg_pp0_iter2           |   1|   0|    1|          0|
    |ap_enable_reg_pp0_iter3           |   1|   0|    1|          0|
    |ap_enable_reg_pp0_iter4           |   1|   0|    1|          0|
    |ap_loop_exit_ready_pp0_iter1_reg  |   1|   0|    1|          0|
    |ap_loop_exit_ready_pp0_iter2_reg  |   1|   0|    1|          0|
    |ap_loop_exit_ready_pp0_iter3_reg  |   1|   0|    1|          0|
    |empty_40_fu_104                   |  23|   0|   23|          0|
    |empty_41_fu_108                   |  23|   0|   23|          0|
    |empty_42_fu_112                   |  23|   0|   23|          0|
    |empty_43_fu_116                   |  23|   0|   23|          0|
    |empty_44_fu_120                   |  23|   0|   23|          0|
    |empty_45_fu_124                   |  23|   0|   23|          0|
    |empty_46_fu_128                   |  23|   0|   23|          0|
    |empty_47_fu_132                   |  23|   0|   23|          0|
    |empty_48_fu_136                   |  23|   0|   23|          0|
    |empty_fu_100                      |  23|   0|   23|          0|
    |ic_fu_140                         |   9|   0|    9|          0|
    |icmp_ln19_reg_778                 |   1|   0|    1|          0|
    |icmp_ln19_reg_778                 |  64|  32|    1|          0|
    +----------------------------------+----+----+-----+-----------+
    |Total                             | 313|  32|  250|          0|
    +----------------------------------+----+----+-----+-----------+



================================================================
== Interface
================================================================
* Summary: 
+----------------+-----+-----+------------+-----------------------+--------------+
|    RTL Ports   | Dir | Bits|  Protocol  |     Source Object     |    C Type    |
+----------------+-----+-----+------------+-----------------------+--------------+
|ap_clk          |   in|    1|  ap_ctrl_hs|  fc_qat_Pipeline_FC_IC|  return value|
|ap_rst          |   in|    1|  ap_ctrl_hs|  fc_qat_Pipeline_FC_IC|  return value|
|ap_start        |   in|    1|  ap_ctrl_hs|  fc_qat_Pipeline_FC_IC|  return value|
|ap_done         |  out|    1|  ap_ctrl_hs|  fc_qat_Pipeline_FC_IC|  return value|
|ap_idle         |  out|    1|  ap_ctrl_hs|  fc_qat_Pipeline_FC_IC|  return value|
|ap_ready        |  out|    1|  ap_ctrl_hs|  fc_qat_Pipeline_FC_IC|  return value|
|ifmap_address0  |  out|    8|   ap_memory|                  ifmap|         array|
|ifmap_ce0       |  out|    1|   ap_memory|                  ifmap|         array|
|ifmap_q0        |   in|    7|   ap_memory|                  ifmap|         array|
|p_out           |  out|   23|      ap_vld|                  p_out|       pointer|
|p_out_ap_vld    |  out|    1|      ap_vld|                  p_out|       pointer|
|p_out1          |  out|   23|      ap_vld|                 p_out1|       pointer|
|p_out1_ap_vld   |  out|    1|      ap_vld|                 p_out1|       pointer|
|p_out2          |  out|   23|      ap_vld|                 p_out2|       pointer|
|p_out2_ap_vld   |  out|    1|      ap_vld|                 p_out2|       pointer|
|p_out3          |  out|   23|      ap_vld|                 p_out3|       pointer|
|p_out3_ap_vld   |  out|    1|      ap_vld|                 p_out3|       pointer|
|p_out4          |  out|   23|      ap_vld|                 p_out4|       pointer|
|p_out4_ap_vld   |  out|    1|      ap_vld|                 p_out4|       pointer|
|p_out5          |  out|   23|      ap_vld|                 p_out5|       pointer|
|p_out5_ap_vld   |  out|    1|      ap_vld|                 p_out5|       pointer|
|p_out6          |  out|   23|      ap_vld|                 p_out6|       pointer|
|p_out6_ap_vld   |  out|    1|      ap_vld|                 p_out6|       pointer|
|p_out7          |  out|   23|      ap_vld|                 p_out7|       pointer|
|p_out7_ap_vld   |  out|    1|      ap_vld|                 p_out7|       pointer|
|p_out8          |  out|   23|      ap_vld|                 p_out8|       pointer|
|p_out8_ap_vld   |  out|    1|      ap_vld|                 p_out8|       pointer|
|p_out9          |  out|   23|      ap_vld|                 p_out9|       pointer|
|p_out9_ap_vld   |  out|    1|      ap_vld|                 p_out9|       pointer|
+----------------+-----+-----+------------+-----------------------+--------------+

