# ---------------------------------------------------------------------------
# Created on Sat Jun 27 10:54:28 +07 2026 with report_failfast (2023.09.14)
# ---------------------------------------------------------------------------

 +--------------------------------------------------------------------------+
 | Average Fanout                                                           |
 | Min Module Size: 100000                                                  |
 +----------------------+-----------------+-----------+---------------------+
 | Cell                 | Flat Leaf Cells | Flat Pins | Flat Average Fanout |
 +----------------------+-----------------+-----------+---------------------+
 | <TOP>                | 110225          | 505345    | 2.75                |
 | bd_0_i               | 110225          | 505345    | 2.75                |
 | bd_0_i/hls_inst      | 110225          | 505345    | 2.75                |
 | bd_0_i/hls_inst/inst | 110225          | 505345    | 2.75                |
 +----------------------+-----------------+-----------+---------------------+
